00:21:13 **** Clean-only build of configuration Debug for project lec12 ****
make -j12 clean 
rm -rf *
rm: can't remove 'lec12.elf': Permission denied
make: [makefile:65: clean] Error 1 (ignored)
 
00:21:42 **** Build of configuration Debug for project lec12 ****
make -j12 all 
arm-none-eabi-gcc "../Drivers/STM32F4xx_HAL_Driver/Src/stm32f4xx_hal.c" -mcpu=cortex-m4 -std=gnu11 -g3 -DUSE_HAL_DRIVER -DSTM32F401xE -DDEBUG -c -I../Drivers/CMSIS/Include -I../Drivers/STM32F4xx_HAL_Driver/Inc -I../Core/Inc -I../Drivers/CMSIS/Device/ST/STM32F4xx/Include -I../Drivers/STM32F4xx_HAL_Driver/Inc/Legacy -O0 -ffunction-sections -fdata-sections -Wall -fstack-usage -MMD -MP -MF"Drivers/STM32F4xx_HAL_Driver/Src/stm32f4xx_hal.d" -MT"Drivers/STM32F4xx_HAL_Driver/Src/stm32f4xx_hal.o" --specs=nano.specs -mfpu=fpv4-sp-d16 -mfloat-abi=hard -mthumb -o "Drivers/STM32F4xx_HAL_Driver/Src/stm32f4xx_hal.o"
arm-none-eabi-gcc "../Drivers/STM32F4xx_HAL_Driver/Src/stm32f4xx_hal_cortex.c" -mcpu=cortex-m4 -std=gnu11 -g3 -DUSE_HAL_DRIVER -DSTM32F401xE -DDEBUG -c -I../Drivers/CMSIS/Include -I../Drivers/STM32F4xx_HAL_Driver/Inc -I../Core/Inc -I../Drivers/CMSIS/Device/ST/STM32F4xx/Include -I../Drivers/STM32F4xx_HAL_Driver/Inc/Legacy -O0 -ffunction-sections -fdata-sections -Wall -fstack-usage -MMD -MP -MF"Drivers/STM32F4xx_HAL_Driver/Src/stm32f4xx_hal_cortex.d" -MT"Drivers/STM32F4xx_HAL_Driver/Src/stm32f4xx_hal_cortex.o" --specs=nano.specs -mfpu=fpv4-sp-d16 -mfloat-abi=hard -mthumb -o "Drivers/STM32F4xx_HAL_Driver/Src/stm32f4xx_hal_cortex.o"
arm-none-eabi-gcc "../Drivers/STM32F4xx_HAL_Driver/Src/stm32f4xx_hal_dma.c" -mcpu=cortex-m4 -std=gnu11 -g3 -DUSE_HAL_DRIVER -DSTM32F401xE -DDEBUG -c -I../Drivers/CMSIS/Include -I../Drivers/STM32F4xx_HAL_Driver/Inc -I../Core/Inc -I../Drivers/CMSIS/Device/ST/STM32F4xx/Include -I../Drivers/STM32F4xx_HAL_Driver/Inc/Legacy -O0 -ffunction-sections -fdata-sections -Wall -fstack-usage -MMD -MP -MF"Drivers/STM32F4xx_HAL_Driver/Src/stm32f4xx_hal_dma.d" -MT"Drivers/STM32F4xx_HAL_Driver/Src/stm32f4xx_hal_dma.o" --specs=nano.specs -mfpu=fpv4-sp-d16 -mfloat-abi=hard -mthumb -o "Drivers/STM32F4xx_HAL_Driver/Src/stm32f4xx_hal_dma.o"
arm-none-eabi-gcc "../Drivers/STM32F4xx_HAL_Driver/Src/stm32f4xx_hal_dma_ex.c" -mcpu=cortex-m4 -std=gnu11 -g3 -DUSE_HAL_DRIVER -DSTM32F401xE -DDEBUG -c -I../Drivers/CMSIS/Include -I../Drivers/STM32F4xx_HAL_Driver/Inc -I../Core/Inc -I../Drivers/CMSIS/Device/ST/STM32F4xx/Include -I../Drivers/STM32F4xx_HAL_Driver/Inc/Legacy -O0 -ffunction-sections -fdata-sections -Wall -fstack-usage -MMD -MP -MF"Drivers/STM32F4xx_HAL_Driver/Src/stm32f4xx_hal_dma_ex.d" -MT"Drivers/STM32F4xx_HAL_Driver/Src/stm32f4xx_hal_dma_ex.o" --specs=nano.specs -mfpu=fpv4-sp-d16 -mfloat-abi=hard -mthumb -o "Drivers/STM32F4xx_HAL_Driver/Src/stm32f4xx_hal_dma_ex.o"
arm-none-eabi-gcc "../Drivers/STM32F4xx_HAL_Driver/Src/stm32f4xx_hal_exti.c" -mcpu=cortex-m4 -std=gnu11 -g3 -DUSE_HAL_DRIVER -DSTM32F401xE -DDEBUG -c -I../Drivers/CMSIS/Include -I../Drivers/STM32F4xx_HAL_Driver/Inc -I../Core/Inc -I../Drivers/CMSIS/Device/ST/STM32F4xx/Include -I../Drivers/STM32F4xx_HAL_Driver/Inc/Legacy -O0 -ffunction-sections -fdata-sections -Wall -fstack-usage -MMD -MP -MF"Drivers/STM32F4xx_HAL_Driver/Src/stm32f4xx_hal_exti.d" -MT"Drivers/STM32F4xx_HAL_Driver/Src/stm32f4xx_hal_exti.o" --specs=nano.specs -mfpu=fpv4-sp-d16 -mfloat-abi=hard -mthumb -o "Drivers/STM32F4xx_HAL_Driver/Src/stm32f4xx_hal_exti.o"
arm-none-eabi-gcc "../Drivers/STM32F4xx_HAL_Driver/Src/stm32f4xx_hal_flash.c" -mcpu=cortex-m4 -std=gnu11 -g3 -DUSE_HAL_DRIVER -DSTM32F401xE -DDEBUG -c -I../Drivers/CMSIS/Include -I../Drivers/STM32F4xx_HAL_Driver/Inc -I../Core/Inc -I../Drivers/CMSIS/Device/ST/STM32F4xx/Include -I../Drivers/STM32F4xx_HAL_Driver/Inc/Legacy -O0 -ffunction-sections -fdata-sections -Wall -fstack-usage -MMD -MP -MF"Drivers/STM32F4xx_HAL_Driver/Src/stm32f4xx_hal_flash.d" -MT"Drivers/STM32F4xx_HAL_Driver/Src/stm32f4xx_hal_flash.o" --specs=nano.specs -mfpu=fpv4-sp-d16 -mfloat-abi=hard -mthumb -o "Drivers/STM32F4xx_HAL_Driver/Src/stm32f4xx_hal_flash.o"
arm-none-eabi-gcc "../Drivers/STM32F4xx_HAL_Driver/Src/stm32f4xx_hal_flash_ex.c" -mcpu=cortex-m4 -std=gnu11 -g3 -DUSE_HAL_DRIVER -DSTM32F401xE -DDEBUG -c -I../Drivers/CMSIS/Include -I../Drivers/STM32F4xx_HAL_Driver/Inc -I../Core/Inc -I../Drivers/CMSIS/Device/ST/STM32F4xx/Include -I../Drivers/STM32F4xx_HAL_Driver/Inc/Legacy -O0 -ffunction-sections -fdata-sections -Wall -fstack-usage -MMD -MP -MF"Drivers/STM32F4xx_HAL_Driver/Src/stm32f4xx_hal_flash_ex.d" -MT"Drivers/STM32F4xx_HAL_Driver/Src/stm32f4xx_hal_flash_ex.o" --specs=nano.specs -mfpu=fpv4-sp-d16 -mfloat-abi=hard -mthumb -o "Drivers/STM32F4xx_HAL_Driver/Src/stm32f4xx_hal_flash_ex.o"
arm-none-eabi-gcc "../Drivers/STM32F4xx_HAL_Driver/Src/stm32f4xx_hal_flash_ramfunc.c" -mcpu=cortex-m4 -std=gnu11 -g3 -DUSE_HAL_DRIVER -DSTM32F401xE -DDEBUG -c -I../Drivers/CMSIS/Include -I../Drivers/STM32F4xx_HAL_Driver/Inc -I../Core/Inc -I../Drivers/CMSIS/Device/ST/STM32F4xx/Include -I../Drivers/STM32F4xx_HAL_Driver/Inc/Legacy -O0 -ffunction-sections -fdata-sections -Wall -fstack-usage -MMD -MP -MF"Drivers/STM32F4xx_HAL_Driver/Src/stm32f4xx_hal_flash_ramfunc.d" -MT"Drivers/STM32F4xx_HAL_Driver/Src/stm32f4xx_hal_flash_ramfunc.o" --specs=nano.specs -mfpu=fpv4-sp-d16 -mfloat-abi=hard -mthumb -o "Drivers/STM32F4xx_HAL_Driver/Src/stm32f4xx_hal_flash_ramfunc.o"
arm-none-eabi-gcc "../Drivers/STM32F4xx_HAL_Driver/Src/stm32f4xx_hal_gpio.c" -mcpu=cortex-m4 -std=gnu11 -g3 -DUSE_HAL_DRIVER -DSTM32F401xE -DDEBUG -c -I../Drivers/CMSIS/Include -I../Drivers/STM32F4xx_HAL_Driver/Inc -I../Core/Inc -I../Drivers/CMSIS/Device/ST/STM32F4xx/Include -I../Drivers/STM32F4xx_HAL_Driver/Inc/Legacy -O0 -ffunction-sections -fdata-sections -Wall -fstack-usage -MMD -MP -MF"Drivers/STM32F4xx_HAL_Driver/Src/stm32f4xx_hal_gpio.d" -MT"Drivers/STM32F4xx_HAL_Driver/Src/stm32f4xx_hal_gpio.o" --specs=nano.specs -mfpu=fpv4-sp-d16 -mfloat-abi=hard -mthumb -o "Drivers/STM32F4xx_HAL_Driver/Src/stm32f4xx_hal_gpio.o"
arm-none-eabi-gcc "../Drivers/STM32F4xx_HAL_Driver/Src/stm32f4xx_hal_pwr.c" -mcpu=cortex-m4 -std=gnu11 -g3 -DUSE_HAL_DRIVER -DSTM32F401xE -DDEBUG -c -I../Drivers/CMSIS/Include -I../Drivers/STM32F4xx_HAL_Driver/Inc -I../Core/Inc -I../Drivers/CMSIS/Device/ST/STM32F4xx/Include -I../Drivers/STM32F4xx_HAL_Driver/Inc/Legacy -O0 -ffunction-sections -fdata-sections -Wall -fstack-usage -MMD -MP -MF"Drivers/STM32F4xx_HAL_Driver/Src/stm32f4xx_hal_pwr.d" -MT"Drivers/STM32F4xx_HAL_Driver/Src/stm32f4xx_hal_pwr.o" --specs=nano.specs -mfpu=fpv4-sp-d16 -mfloat-abi=hard -mthumb -o "Drivers/STM32F4xx_HAL_Driver/Src/stm32f4xx_hal_pwr.o"
arm-none-eabi-gcc "../Drivers/STM32F4xx_HAL_Driver/Src/stm32f4xx_hal_pwr_ex.c" -mcpu=cortex-m4 -std=gnu11 -g3 -DUSE_HAL_DRIVER -DSTM32F401xE -DDEBUG -c -I../Drivers/CMSIS/Include -I../Drivers/STM32F4xx_HAL_Driver/Inc -I../Core/Inc -I../Drivers/CMSIS/Device/ST/STM32F4xx/Include -I../Drivers/STM32F4xx_HAL_Driver/Inc/Legacy -O0 -ffunction-sections -fdata-sections -Wall -fstack-usage -MMD -MP -MF"Drivers/STM32F4xx_HAL_Driver/Src/stm32f4xx_hal_pwr_ex.d" -MT"Drivers/STM32F4xx_HAL_Driver/Src/stm32f4xx_hal_pwr_ex.o" --specs=nano.specs -mfpu=fpv4-sp-d16 -mfloat-abi=hard -mthumb -o "Drivers/STM32F4xx_HAL_Driver/Src/stm32f4xx_hal_pwr_ex.o"
arm-none-eabi-gcc "../Drivers/STM32F4xx_HAL_Driver/Src/stm32f4xx_hal_rcc.c" -mcpu=cortex-m4 -std=gnu11 -g3 -DUSE_HAL_DRIVER -DSTM32F401xE -DDEBUG -c -I../Drivers/CMSIS/Include -I../Drivers/STM32F4xx_HAL_Driver/Inc -I../Core/Inc -I../Drivers/CMSIS/Device/ST/STM32F4xx/Include -I../Drivers/STM32F4xx_HAL_Driver/Inc/Legacy -O0 -ffunction-sections -fdata-sections -Wall -fstack-usage -MMD -MP -MF"Drivers/STM32F4xx_HAL_Driver/Src/stm32f4xx_hal_rcc.d" -MT"Drivers/STM32F4xx_HAL_Driver/Src/stm32f4xx_hal_rcc.o" --specs=nano.specs -mfpu=fpv4-sp-d16 -mfloat-abi=hard -mthumb -o "Drivers/STM32F4xx_HAL_Driver/Src/stm32f4xx_hal_rcc.o"
arm-none-eabi-gcc "../Drivers/STM32F4xx_HAL_Driver/Src/stm32f4xx_hal_rcc_ex.c" -mcpu=cortex-m4 -std=gnu11 -g3 -DUSE_HAL_DRIVER -DSTM32F401xE -DDEBUG -c -I../Drivers/CMSIS/Include -I../Drivers/STM32F4xx_HAL_Driver/Inc -I../Core/Inc -I../Drivers/CMSIS/Device/ST/STM32F4xx/Include -I../Drivers/STM32F4xx_HAL_Driver/Inc/Legacy -O0 -ffunction-sections -fdata-sections -Wall -fstack-usage -MMD -MP -MF"Drivers/STM32F4xx_HAL_Driver/Src/stm32f4xx_hal_rcc_ex.d" -MT"Drivers/STM32F4xx_HAL_Driver/Src/stm32f4xx_hal_rcc_ex.o" --specs=nano.specs -mfpu=fpv4-sp-d16 -mfloat-abi=hard -mthumb -o "Drivers/STM32F4xx_HAL_Driver/Src/stm32f4xx_hal_rcc_ex.o"
arm-none-eabi-gcc "../Drivers/STM32F4xx_HAL_Driver/Src/stm32f4xx_hal_tim.c" -mcpu=cortex-m4 -std=gnu11 -g3 -DUSE_HAL_DRIVER -DSTM32F401xE -DDEBUG -c -I../Drivers/CMSIS/Include -I../Drivers/STM32F4xx_HAL_Driver/Inc -I../Core/Inc -I../Drivers/CMSIS/Device/ST/STM32F4xx/Include -I../Drivers/STM32F4xx_HAL_Driver/Inc/Legacy -O0 -ffunction-sections -fdata-sections -Wall -fstack-usage -MMD -MP -MF"Drivers/STM32F4xx_HAL_Driver/Src/stm32f4xx_hal_tim.d" -MT"Drivers/STM32F4xx_HAL_Driver/Src/stm32f4xx_hal_tim.o" --specs=nano.specs -mfpu=fpv4-sp-d16 -mfloat-abi=hard -mthumb -o "Drivers/STM32F4xx_HAL_Driver/Src/stm32f4xx_hal_tim.o"
arm-none-eabi-gcc "../Drivers/STM32F4xx_HAL_Driver/Src/stm32f4xx_hal_tim_ex.c" -mcpu=cortex-m4 -std=gnu11 -g3 -DUSE_HAL_DRIVER -DSTM32F401xE -DDEBUG -c -I../Drivers/CMSIS/Include -I../Drivers/STM32F4xx_HAL_Driver/Inc -I../Core/Inc -I../Drivers/CMSIS/Device/ST/STM32F4xx/Include -I../Drivers/STM32F4xx_HAL_Driver/Inc/Legacy -O0 -ffunction-sections -fdata-sections -Wall -fstack-usage -MMD -MP -MF"Drivers/STM32F4xx_HAL_Driver/Src/stm32f4xx_hal_tim_ex.d" -MT"Drivers/STM32F4xx_HAL_Driver/Src/stm32f4xx_hal_tim_ex.o" --specs=nano.specs -mfpu=fpv4-sp-d16 -mfloat-abi=hard -mthumb -o "Drivers/STM32F4xx_HAL_Driver/Src/stm32f4xx_hal_tim_ex.o"
arm-none-eabi-gcc "../Drivers/STM32F4xx_HAL_Driver/Src/stm32f4xx_hal_uart.c" -mcpu=cortex-m4 -std=gnu11 -g3 -DUSE_HAL_DRIVER -DSTM32F401xE -DDEBUG -c -I../Drivers/CMSIS/Include -I../Drivers/STM32F4xx_HAL_Driver/Inc -I../Core/Inc -I../Drivers/CMSIS/Device/ST/STM32F4xx/Include -I../Drivers/STM32F4xx_HAL_Driver/Inc/Legacy -O0 -ffunction-sections -fdata-sections -Wall -fstack-usage -MMD -MP -MF"Drivers/STM32F4xx_HAL_Driver/Src/stm32f4xx_hal_uart.d" -MT"Drivers/STM32F4xx_HAL_Driver/Src/stm32f4xx_hal_uart.o" --specs=nano.specs -mfpu=fpv4-sp-d16 -mfloat-abi=hard -mthumb -o "Drivers/STM32F4xx_HAL_Driver/Src/stm32f4xx_hal_uart.o"
arm-none-eabi-gcc -mcpu=cortex-m4 -g3 -c -x assembler-with-cpp --specs=nano.specs -mfpu=fpv4-sp-d16 -mfloat-abi=hard -mthumb -o "Core/Startup/startup_stm32f401retx.o" "../Core/Startup/startup_stm32f401retx.s"
arm-none-eabi-gcc "../Core/Src/main.c" -mcpu=cortex-m4 -std=gnu11 -g3 -DUSE_HAL_DRIVER -DSTM32F401xE -DDEBUG -c -I../Drivers/CMSIS/Include -I../Drivers/STM32F4xx_HAL_Driver/Inc -I../Core/Inc -I../Drivers/CMSIS/Device/ST/STM32F4xx/Include -I../Drivers/STM32F4xx_HAL_Driver/Inc/Legacy -O0 -ffunction-sections -fdata-sections -Wall -fstack-usage -MMD -MP -MF"Core/Src/main.d" -MT"Core/Src/main.o" --specs=nano.specs -mfpu=fpv4-sp-d16 -mfloat-abi=hard -mthumb -o "Core/Src/main.o"
arm-none-eabi-gcc "../Core/Src/stm32f4xx_hal_msp.c" -mcpu=cortex-m4 -std=gnu11 -g3 -DUSE_HAL_DRIVER -DSTM32F401xE -DDEBUG -c -I../Drivers/CMSIS/Include -I../Drivers/STM32F4xx_HAL_Driver/Inc -I../Core/Inc -I../Drivers/CMSIS/Device/ST/STM32F4xx/Include -I../Drivers/STM32F4xx_HAL_Driver/Inc/Legacy -O0 -ffunction-sections -fdata-sections -Wall -fstack-usage -MMD -MP -MF"Core/Src/stm32f4xx_hal_msp.d" -MT"Core/Src/stm32f4xx_hal_msp.o" --specs=nano.specs -mfpu=fpv4-sp-d16 -mfloat-abi=hard -mthumb -o "Core/Src/stm32f4xx_hal_msp.o"
arm-none-eabi-gcc "../Core/Src/stm32f4xx_it.c" -mcpu=cortex-m4 -std=gnu11 -g3 -DUSE_HAL_DRIVER -DSTM32F401xE -DDEBUG -c -I../Drivers/CMSIS/Include -I../Drivers/STM32F4xx_HAL_Driver/Inc -I../Core/Inc -I../Drivers/CMSIS/Device/ST/STM32F4xx/Include -I../Drivers/STM32F4xx_HAL_Driver/Inc/Legacy -O0 -ffunction-sections -fdata-sections -Wall -fstack-usage -MMD -MP -MF"Core/Src/stm32f4xx_it.d" -MT"Core/Src/stm32f4xx_it.o" --specs=nano.specs -mfpu=fpv4-sp-d16 -mfloat-abi=hard -mthumb -o "Core/Src/stm32f4xx_it.o"
arm-none-eabi-gcc "../Core/Src/syscalls.c" -mcpu=cortex-m4 -std=gnu11 -g3 -DUSE_HAL_DRIVER -DSTM32F401xE -DDEBUG -c -I../Drivers/CMSIS/Include -I../Drivers/STM32F4xx_HAL_Driver/Inc -I../Core/Inc -I../Drivers/CMSIS/Device/ST/STM32F4xx/Include -I../Drivers/STM32F4xx_HAL_Driver/Inc/Legacy -O0 -ffunction-sections -fdata-sections -Wall -fstack-usage -MMD -MP -MF"Core/Src/syscalls.d" -MT"Core/Src/syscalls.o" --specs=nano.specs -mfpu=fpv4-sp-d16 -mfloat-abi=hard -mthumb -o "Core/Src/syscalls.o"
arm-none-eabi-gcc "../Core/Src/sysmem.c" -mcpu=cortex-m4 -std=gnu11 -g3 -DUSE_HAL_DRIVER -DSTM32F401xE -DDEBUG -c -I../Drivers/CMSIS/Include -I../Drivers/STM32F4xx_HAL_Driver/Inc -I../Core/Inc -I../Drivers/CMSIS/Device/ST/STM32F4xx/Include -I../Drivers/STM32F4xx_HAL_Driver/Inc/Legacy -O0 -ffunction-sections -fdata-sections -Wall -fstack-usage -MMD -MP -MF"Core/Src/sysmem.d" -MT"Core/Src/sysmem.o" --specs=nano.specs -mfpu=fpv4-sp-d16 -mfloat-abi=hard -mthumb -o "Core/Src/sysmem.o"
arm-none-eabi-gcc "../Core/Src/system_stm32f4xx.c" -mcpu=cortex-m4 -std=gnu11 -g3 -DUSE_HAL_DRIVER -DSTM32F401xE -DDEBUG -c -I../Drivers/CMSIS/Include -I../Drivers/STM32F4xx_HAL_Driver/Inc -I../Core/Inc -I../Drivers/CMSIS/Device/ST/STM32F4xx/Include -I../Drivers/STM32F4xx_HAL_Driver/Inc/Legacy -O0 -ffunction-sections -fdata-sections -Wall -fstack-usage -MMD -MP -MF"Core/Src/system_stm32f4xx.d" -MT"Core/Src/system_stm32f4xx.o" --specs=nano.specs -mfpu=fpv4-sp-d16 -mfloat-abi=hard -mthumb -o "Core/Src/system_stm32f4xx.o"
In file included from ../Core/Inc/stm32f4xx_hal_conf.h:360:0,
                 from ../Drivers/STM32F4xx_HAL_Driver/Inc/stm32f4xx_hal.h:30,
                 from ../Core/Inc/main.h:31,
                 from ../Core/Src/main.c:22:
../Core/Src/main.c: In function 'main':
../Core/Src/main.c:114:27: error: 'htim' undeclared (first use in this function); did you mean 'htim5'?
    __HAL_TIM_SET_COUNTER(&htim, 0);
                           ^
../Drivers/STM32F4xx_HAL_Driver/Inc/stm32f4xx_hal_tim.h:1231:59: note: in definition of macro '__HAL_TIM_SET_COUNTER'
 #define __HAL_TIM_SET_COUNTER(__HANDLE__, __COUNTER__)  ((__HANDLE__)->Instance->CNT = (__COUNTER__))
                                                           ^~~~~~~~~~
../Core/Src/main.c:114:27: note: each undeclared identifier is reported only once for each function it appears in
    __HAL_TIM_SET_COUNTER(&htim, 0);
                           ^
../Drivers/STM32F4xx_HAL_Driver/Inc/stm32f4xx_hal_tim.h:1231:59: note: in definition of macro '__HAL_TIM_SET_COUNTER'
 #define __HAL_TIM_SET_COUNTER(__HANDLE__, __COUNTER__)  ((__HANDLE__)->Instance->CNT = (__COUNTER__))
                                                           ^~~~~~~~~~
../Core/Src/main.c: In function 'HAL_TIM_IC_CaptureCallback':
../Core/Src/main.c:305:23: warning: format '%d' expects argument of type 'int', but argument 2 has type 'uint32_t {aka long unsigned int}' [-Wformat=]
   printf("interval = %d, Distance = %6.2f\r\n", interval, distance);
                      ~^
                      %ld
make: *** [Core/Src/subdir.mk:33: Core/Src/main.o] Error 1
make: *** Waiting for unfinished jobs....
"make -j12 all" terminated with exit code 2. Build might be incomplete.
00:22:23 **** Incremental Build of configuration Debug for project ADC2_7 ****
make -j12 all 
arm-none-eabi-size   ADC2_7.elf 
   text	   data	    bss	    dec	    hex	filename
  11164	     20	   1708	  12892	   325c	ADC2_7.elf
Finished building: default.size.stdout
 
00:22:23 **** Incremental Build of configuration Debug for project ADC_7 ****
make -j12 all 
arm-none-eabi-size   ADC_7.elf 
   text	   data	    bss	    dec	    hex	filename
  12548	     20	   1716	  14284	   37cc	ADC_7.elf
Finished building: default.size.stdout
 
00:22:24 **** Incremental Build of configuration Debug for project ADC_timer_7 ****
make -j12 all 
arm-none-eabi-size   ADC_timer_7.elf 
   text	   data	    bss	    dec	    hex	filename
  13940	     20	   1772	  15732	   3d74	ADC_timer_7.elf
Finished building: default.size.stdout
 
00:22:25 **** Incremental Build of configuration Debug for project DMA_9 ****
make -j12 all 
arm-none-eabi-size   DMA_9.elf 
   text	   data	    bss	    dec	    hex	filename
  16944	    120	   1832	  18896	   49d0	DMA_9.elf
Finished building: default.size.stdout
 
00:22:25 **** Incremental Build of configuration Debug for project MoonsProject ****
make -j12 all 
arm-none-eabi-size   MoonsProject.elf 
   text	   data	    bss	    dec	    hex	filename
  10604	     20	   1700	  12324	   3024	MoonsProject.elf
Finished building: default.size.stdout
 
00:22:26 **** Incremental Build of configuration Debug for project PWM_6 ****
make -j12 all 
arm-none-eabi-size   PWM_6.elf 
   text	   data	    bss	    dec	    hex	filename
  11780	     20	   1828	  13628	   353c	PWM_6.elf
Finished building: default.size.stdout
 
00:22:26 **** Incremental Build of configuration Debug for project TIMER_TWO ****
make -j12 all 
arm-none-eabi-size   TIMER_TWO.elf 
   text	   data	    bss	    dec	    hex	filename
  11392	     20	   1700	  13112	   3338	TIMER_TWO.elf
Finished building: default.size.stdout
 
00:22:27 **** Incremental Build of configuration Debug for project UART_RECEIVE ****
make -j12 all 
arm-none-eabi-size   UART_RECEIVE.elf 
   text	   data	    bss	    dec	    hex	filename
   8952	     20	   1636	  10608	   2970	UART_RECEIVE.elf
Finished building: default.size.stdout
 
00:22:27 **** Incremental Build of configuration Debug for project UART_RECEIVE_NUM ****
make -j12 all 
arm-none-eabi-size   UART_RECEIVE_NUM.elf 
   text	   data	    bss	    dec	    hex	filename
  10184	     20	   1636	  11840	   2e40	UART_RECEIVE_NUM.elf
Finished building: default.size.stdout
 
00:22:28 **** Incremental Build of configuration Debug for project UART_test ****
make -j12 all 
arm-none-eabi-size   UART_test.elf 
   text	   data	    bss	    dec	    hex	filename
   8680	     20	   1636	  10336	   2860	UART_test.elf
Finished building: default.size.stdout
 
00:22:28 **** Incremental Build of configuration Debug for project lec11 ****
make -j12 all 
arm-none-eabi-size   lec11.elf 
   text	   data	    bss	    dec	    hex	filename
  10976	     20	   1700	  12696	   3198	lec11.elf
Finished building: default.size.stdout
 
00:22:29 **** Incremental Build of configuration Debug for project lec11_mymy ****
make -j12 all 
arm-none-eabi-size   lec11_mymy.elf 
   text	   data	    bss	    dec	    hex	filename
  10772	     20	   1700	  12492	   30cc	lec11_mymy.elf
Finished building: default.size.stdout
 
00:22:29 **** Incremental Build of configuration Debug for project lec12 ****
make -j12 all 
arm-none-eabi-gcc "../Core/Src/main.c" -mcpu=cortex-m4 -std=gnu11 -g3 -DUSE_HAL_DRIVER -DSTM32F401xE -DDEBUG -c -I../Drivers/CMSIS/Include -I../Drivers/STM32F4xx_HAL_Driver/Inc -I../Core/Inc -I../Drivers/CMSIS/Device/ST/STM32F4xx/Include -I../Drivers/STM32F4xx_HAL_Driver/Inc/Legacy -O0 -ffunction-sections -fdata-sections -Wall -fstack-usage -MMD -MP -MF"Core/Src/main.d" -MT"Core/Src/main.o" --specs=nano.specs -mfpu=fpv4-sp-d16 -mfloat-abi=hard -mthumb -o "Core/Src/main.o"
../Core/Src/main.c: In function 'HAL_TIM_IC_CaptureCallback':
../Core/Src/main.c:305:23: warning: format '%d' expects argument of type 'int', but argument 2 has type 'uint32_t {aka long unsigned int}' [-Wformat=]
   printf("interval = %d, Distance = %6.2f\r\n", interval, distance);
                      ~^
                      %ld
arm-none-eabi-gcc -o "lec12.elf" @"objects.list"   -mcpu=cortex-m4 -T"C:\Users\moon\STM32CubeIDE\workspace_1.3.0\lec12\STM32F401RETX_FLASH.ld" --specs=nosys.specs -Wl,-Map="lec12.map" -Wl,--gc-sections -static --specs=nano.specs -mfpu=fpv4-sp-d16 -mfloat-abi=hard -mthumb -u _printf_float -Wl,--start-group -lc -lm -Wl,--end-group
Finished building target: lec12.elf
 
arm-none-eabi-size   lec12.elf 
arm-none-eabi-objdump -h -S  lec12.elf  > "lec12.list"
arm-none-eabi-objcopy  -O binary  lec12.elf  "lec12.bin"
   text	   data	    bss	    dec	    hex	filename
  25160	    484	   1732	  27376	   6af0	lec12.elf
Finished building: default.size.stdout
 
Finished building: lec12.bin
 
Finished building: lec12.list
 
00:22:31 **** Incremental Build of configuration Debug for project lec_10 ****
make -j12 all 
arm-none-eabi-size   lec_10.elf 
   text	   data	    bss	    dec	    hex	filename
  11620	     20	   1700	  13340	   341c	lec_10.elf
Finished building: default.size.stdout
 
00:22:31 **** Incremental Build of configuration Debug for project lec_10_2 ****
make -j12 all 
arm-none-eabi-size   lec_10_2.elf 
   text	   data	    bss	    dec	    hex	filename
  14432	     20	   1772	  16224	   3f60	lec_10_2.elf
Finished building: default.size.stdout
 
00:22:32 **** Incremental Build of configuration Debug for project printf_5 ****
make -j12 all 
arm-none-eabi-size   printf_5.elf 
   text	   data	    bss	    dec	    hex	filename
  22256	    484	   1652	  24392	   5f48	printf_5.elf
Finished building: default.size.stdout
 
00:22:32 **** Incremental Build of configuration Debug for project scanf_5 ****
make -j12 all 
arm-none-eabi-size   scanf_5.elf 
   text	   data	    bss	    dec	    hex	filename
  34612	    484	   1660	  36756	   8f94	scanf_5.elf
Finished building: default.size.stdout
 
00:22:33 **** Incremental Build of configuration Debug for project testttttttttt ****
make -j12 all 
arm-none-eabi-size   testttttttttt.elf 
   text	   data	    bss	    dec	    hex	filename
   8260	     20	   1636	   9916	   26bc	testttttttttt.elf
Finished building: default.size.stdout
 
00:22:49 **** Incremental Build of configuration Debug for project lec12 ****
make -j12 all 
arm-none-eabi-size   lec12.elf 
   text	   data	    bss	    dec	    hex	filename
  25160	    484	   1732	  27376	   6af0	lec12.elf
Finished building: default.size.stdout
 
13:43:04 **** Build of configuration Debug for project ADC2_7 ****
make -j12 all 
arm-none-eabi-size   ADC2_7.elf 
   text	   data	    bss	    dec	    hex	filename
  11164	     20	   1708	  12892	   325c	ADC2_7.elf
Finished building: default.size.stdout
 
13:43:06 **** Build of configuration Debug for project ADC_7 ****
make -j12 all 
arm-none-eabi-size   ADC_7.elf 
   text	   data	    bss	    dec	    hex	filename
  12548	     20	   1716	  14284	   37cc	ADC_7.elf
Finished building: default.size.stdout
 
13:43:06 **** Build of configuration Debug for project ADC_timer_7 ****
make -j12 all 
arm-none-eabi-size   ADC_timer_7.elf 
   text	   data	    bss	    dec	    hex	filename
  13940	     20	   1772	  15732	   3d74	ADC_timer_7.elf
Finished building: default.size.stdout
 
13:43:07 **** Build of configuration Debug for project DMA_9 ****
make -j12 all 
arm-none-eabi-size   DMA_9.elf 
   text	   data	    bss	    dec	    hex	filename
  16944	    120	   1832	  18896	   49d0	DMA_9.elf
Finished building: default.size.stdout
 
13:43:08 **** Build of configuration Debug for project MoonsProject ****
make -j12 all 
arm-none-eabi-size   MoonsProject.elf 
   text	   data	    bss	    dec	    hex	filename
  10604	     20	   1700	  12324	   3024	MoonsProject.elf
Finished building: default.size.stdout
 
13:43:08 **** Build of configuration Debug for project New_Project ****
make -j12 all 
arm-none-eabi-gcc "../Drivers/STM32F4xx_HAL_Driver/Src/stm32f4xx_hal.c" -mcpu=cortex-m4 -std=gnu11 -g3 -DUSE_HAL_DRIVER -DSTM32F401xE -DDEBUG -c -I../Drivers/CMSIS/Include -I../Drivers/STM32F4xx_HAL_Driver/Inc -I../Core/Inc -I../Drivers/CMSIS/Device/ST/STM32F4xx/Include -I../Drivers/STM32F4xx_HAL_Driver/Inc/Legacy -O0 -ffunction-sections -fdata-sections -Wall -fstack-usage -MMD -MP -MF"Drivers/STM32F4xx_HAL_Driver/Src/stm32f4xx_hal.d" -MT"Drivers/STM32F4xx_HAL_Driver/Src/stm32f4xx_hal.o" --specs=nano.specs -mfpu=fpv4-sp-d16 -mfloat-abi=hard -mthumb -o "Drivers/STM32F4xx_HAL_Driver/Src/stm32f4xx_hal.o"
arm-none-eabi-gcc "../Drivers/STM32F4xx_HAL_Driver/Src/stm32f4xx_hal_cortex.c" -mcpu=cortex-m4 -std=gnu11 -g3 -DUSE_HAL_DRIVER -DSTM32F401xE -DDEBUG -c -I../Drivers/CMSIS/Include -I../Drivers/STM32F4xx_HAL_Driver/Inc -I../Core/Inc -I../Drivers/CMSIS/Device/ST/STM32F4xx/Include -I../Drivers/STM32F4xx_HAL_Driver/Inc/Legacy -O0 -ffunction-sections -fdata-sections -Wall -fstack-usage -MMD -MP -MF"Drivers/STM32F4xx_HAL_Driver/Src/stm32f4xx_hal_cortex.d" -MT"Drivers/STM32F4xx_HAL_Driver/Src/stm32f4xx_hal_cortex.o" --specs=nano.specs -mfpu=fpv4-sp-d16 -mfloat-abi=hard -mthumb -o "Drivers/STM32F4xx_HAL_Driver/Src/stm32f4xx_hal_cortex.o"
arm-none-eabi-gcc "../Drivers/STM32F4xx_HAL_Driver/Src/stm32f4xx_hal_dma.c" -mcpu=cortex-m4 -std=gnu11 -g3 -DUSE_HAL_DRIVER -DSTM32F401xE -DDEBUG -c -I../Drivers/CMSIS/Include -I../Drivers/STM32F4xx_HAL_Driver/Inc -I../Core/Inc -I../Drivers/CMSIS/Device/ST/STM32F4xx/Include -I../Drivers/STM32F4xx_HAL_Driver/Inc/Legacy -O0 -ffunction-sections -fdata-sections -Wall -fstack-usage -MMD -MP -MF"Drivers/STM32F4xx_HAL_Driver/Src/stm32f4xx_hal_dma.d" -MT"Drivers/STM32F4xx_HAL_Driver/Src/stm32f4xx_hal_dma.o" --specs=nano.specs -mfpu=fpv4-sp-d16 -mfloat-abi=hard -mthumb -o "Drivers/STM32F4xx_HAL_Driver/Src/stm32f4xx_hal_dma.o"
arm-none-eabi-gcc "../Drivers/STM32F4xx_HAL_Driver/Src/stm32f4xx_hal_dma_ex.c" -mcpu=cortex-m4 -std=gnu11 -g3 -DUSE_HAL_DRIVER -DSTM32F401xE -DDEBUG -c -I../Drivers/CMSIS/Include -I../Drivers/STM32F4xx_HAL_Driver/Inc -I../Core/Inc -I../Drivers/CMSIS/Device/ST/STM32F4xx/Include -I../Drivers/STM32F4xx_HAL_Driver/Inc/Legacy -O0 -ffunction-sections -fdata-sections -Wall -fstack-usage -MMD -MP -MF"Drivers/STM32F4xx_HAL_Driver/Src/stm32f4xx_hal_dma_ex.d" -MT"Drivers/STM32F4xx_HAL_Driver/Src/stm32f4xx_hal_dma_ex.o" --specs=nano.specs -mfpu=fpv4-sp-d16 -mfloat-abi=hard -mthumb -o "Drivers/STM32F4xx_HAL_Driver/Src/stm32f4xx_hal_dma_ex.o"
arm-none-eabi-gcc "../Drivers/STM32F4xx_HAL_Driver/Src/stm32f4xx_hal_exti.c" -mcpu=cortex-m4 -std=gnu11 -g3 -DUSE_HAL_DRIVER -DSTM32F401xE -DDEBUG -c -I../Drivers/CMSIS/Include -I../Drivers/STM32F4xx_HAL_Driver/Inc -I../Core/Inc -I../Drivers/CMSIS/Device/ST/STM32F4xx/Include -I../Drivers/STM32F4xx_HAL_Driver/Inc/Legacy -O0 -ffunction-sections -fdata-sections -Wall -fstack-usage -MMD -MP -MF"Drivers/STM32F4xx_HAL_Driver/Src/stm32f4xx_hal_exti.d" -MT"Drivers/STM32F4xx_HAL_Driver/Src/stm32f4xx_hal_exti.o" --specs=nano.specs -mfpu=fpv4-sp-d16 -mfloat-abi=hard -mthumb -o "Drivers/STM32F4xx_HAL_Driver/Src/stm32f4xx_hal_exti.o"
arm-none-eabi-gcc "../Drivers/STM32F4xx_HAL_Driver/Src/stm32f4xx_hal_flash.c" -mcpu=cortex-m4 -std=gnu11 -g3 -DUSE_HAL_DRIVER -DSTM32F401xE -DDEBUG -c -I../Drivers/CMSIS/Include -I../Drivers/STM32F4xx_HAL_Driver/Inc -I../Core/Inc -I../Drivers/CMSIS/Device/ST/STM32F4xx/Include -I../Drivers/STM32F4xx_HAL_Driver/Inc/Legacy -O0 -ffunction-sections -fdata-sections -Wall -fstack-usage -MMD -MP -MF"Drivers/STM32F4xx_HAL_Driver/Src/stm32f4xx_hal_flash.d" -MT"Drivers/STM32F4xx_HAL_Driver/Src/stm32f4xx_hal_flash.o" --specs=nano.specs -mfpu=fpv4-sp-d16 -mfloat-abi=hard -mthumb -o "Drivers/STM32F4xx_HAL_Driver/Src/stm32f4xx_hal_flash.o"
arm-none-eabi-gcc "../Drivers/STM32F4xx_HAL_Driver/Src/stm32f4xx_hal_flash_ex.c" -mcpu=cortex-m4 -std=gnu11 -g3 -DUSE_HAL_DRIVER -DSTM32F401xE -DDEBUG -c -I../Drivers/CMSIS/Include -I../Drivers/STM32F4xx_HAL_Driver/Inc -I../Core/Inc -I../Drivers/CMSIS/Device/ST/STM32F4xx/Include -I../Drivers/STM32F4xx_HAL_Driver/Inc/Legacy -O0 -ffunction-sections -fdata-sections -Wall -fstack-usage -MMD -MP -MF"Drivers/STM32F4xx_HAL_Driver/Src/stm32f4xx_hal_flash_ex.d" -MT"Drivers/STM32F4xx_HAL_Driver/Src/stm32f4xx_hal_flash_ex.o" --specs=nano.specs -mfpu=fpv4-sp-d16 -mfloat-abi=hard -mthumb -o "Drivers/STM32F4xx_HAL_Driver/Src/stm32f4xx_hal_flash_ex.o"
arm-none-eabi-gcc "../Drivers/STM32F4xx_HAL_Driver/Src/stm32f4xx_hal_flash_ramfunc.c" -mcpu=cortex-m4 -std=gnu11 -g3 -DUSE_HAL_DRIVER -DSTM32F401xE -DDEBUG -c -I../Drivers/CMSIS/Include -I../Drivers/STM32F4xx_HAL_Driver/Inc -I../Core/Inc -I../Drivers/CMSIS/Device/ST/STM32F4xx/Include -I../Drivers/STM32F4xx_HAL_Driver/Inc/Legacy -O0 -ffunction-sections -fdata-sections -Wall -fstack-usage -MMD -MP -MF"Drivers/STM32F4xx_HAL_Driver/Src/stm32f4xx_hal_flash_ramfunc.d" -MT"Drivers/STM32F4xx_HAL_Driver/Src/stm32f4xx_hal_flash_ramfunc.o" --specs=nano.specs -mfpu=fpv4-sp-d16 -mfloat-abi=hard -mthumb -o "Drivers/STM32F4xx_HAL_Driver/Src/stm32f4xx_hal_flash_ramfunc.o"
arm-none-eabi-gcc "../Drivers/STM32F4xx_HAL_Driver/Src/stm32f4xx_hal_gpio.c" -mcpu=cortex-m4 -std=gnu11 -g3 -DUSE_HAL_DRIVER -DSTM32F401xE -DDEBUG -c -I../Drivers/CMSIS/Include -I../Drivers/STM32F4xx_HAL_Driver/Inc -I../Core/Inc -I../Drivers/CMSIS/Device/ST/STM32F4xx/Include -I../Drivers/STM32F4xx_HAL_Driver/Inc/Legacy -O0 -ffunction-sections -fdata-sections -Wall -fstack-usage -MMD -MP -MF"Drivers/STM32F4xx_HAL_Driver/Src/stm32f4xx_hal_gpio.d" -MT"Drivers/STM32F4xx_HAL_Driver/Src/stm32f4xx_hal_gpio.o" --specs=nano.specs -mfpu=fpv4-sp-d16 -mfloat-abi=hard -mthumb -o "Drivers/STM32F4xx_HAL_Driver/Src/stm32f4xx_hal_gpio.o"
arm-none-eabi-gcc "../Drivers/STM32F4xx_HAL_Driver/Src/stm32f4xx_hal_pwr.c" -mcpu=cortex-m4 -std=gnu11 -g3 -DUSE_HAL_DRIVER -DSTM32F401xE -DDEBUG -c -I../Drivers/CMSIS/Include -I../Drivers/STM32F4xx_HAL_Driver/Inc -I../Core/Inc -I../Drivers/CMSIS/Device/ST/STM32F4xx/Include -I../Drivers/STM32F4xx_HAL_Driver/Inc/Legacy -O0 -ffunction-sections -fdata-sections -Wall -fstack-usage -MMD -MP -MF"Drivers/STM32F4xx_HAL_Driver/Src/stm32f4xx_hal_pwr.d" -MT"Drivers/STM32F4xx_HAL_Driver/Src/stm32f4xx_hal_pwr.o" --specs=nano.specs -mfpu=fpv4-sp-d16 -mfloat-abi=hard -mthumb -o "Drivers/STM32F4xx_HAL_Driver/Src/stm32f4xx_hal_pwr.o"
arm-none-eabi-gcc "../Drivers/STM32F4xx_HAL_Driver/Src/stm32f4xx_hal_pwr_ex.c" -mcpu=cortex-m4 -std=gnu11 -g3 -DUSE_HAL_DRIVER -DSTM32F401xE -DDEBUG -c -I../Drivers/CMSIS/Include -I../Drivers/STM32F4xx_HAL_Driver/Inc -I../Core/Inc -I../Drivers/CMSIS/Device/ST/STM32F4xx/Include -I../Drivers/STM32F4xx_HAL_Driver/Inc/Legacy -O0 -ffunction-sections -fdata-sections -Wall -fstack-usage -MMD -MP -MF"Drivers/STM32F4xx_HAL_Driver/Src/stm32f4xx_hal_pwr_ex.d" -MT"Drivers/STM32F4xx_HAL_Driver/Src/stm32f4xx_hal_pwr_ex.o" --specs=nano.specs -mfpu=fpv4-sp-d16 -mfloat-abi=hard -mthumb -o "Drivers/STM32F4xx_HAL_Driver/Src/stm32f4xx_hal_pwr_ex.o"
arm-none-eabi-gcc "../Drivers/STM32F4xx_HAL_Driver/Src/stm32f4xx_hal_rcc.c" -mcpu=cortex-m4 -std=gnu11 -g3 -DUSE_HAL_DRIVER -DSTM32F401xE -DDEBUG -c -I../Drivers/CMSIS/Include -I../Drivers/STM32F4xx_HAL_Driver/Inc -I../Core/Inc -I../Drivers/CMSIS/Device/ST/STM32F4xx/Include -I../Drivers/STM32F4xx_HAL_Driver/Inc/Legacy -O0 -ffunction-sections -fdata-sections -Wall -fstack-usage -MMD -MP -MF"Drivers/STM32F4xx_HAL_Driver/Src/stm32f4xx_hal_rcc.d" -MT"Drivers/STM32F4xx_HAL_Driver/Src/stm32f4xx_hal_rcc.o" --specs=nano.specs -mfpu=fpv4-sp-d16 -mfloat-abi=hard -mthumb -o "Drivers/STM32F4xx_HAL_Driver/Src/stm32f4xx_hal_rcc.o"
arm-none-eabi-gcc "../Drivers/STM32F4xx_HAL_Driver/Src/stm32f4xx_hal_rcc_ex.c" -mcpu=cortex-m4 -std=gnu11 -g3 -DUSE_HAL_DRIVER -DSTM32F401xE -DDEBUG -c -I../Drivers/CMSIS/Include -I../Drivers/STM32F4xx_HAL_Driver/Inc -I../Core/Inc -I../Drivers/CMSIS/Device/ST/STM32F4xx/Include -I../Drivers/STM32F4xx_HAL_Driver/Inc/Legacy -O0 -ffunction-sections -fdata-sections -Wall -fstack-usage -MMD -MP -MF"Drivers/STM32F4xx_HAL_Driver/Src/stm32f4xx_hal_rcc_ex.d" -MT"Drivers/STM32F4xx_HAL_Driver/Src/stm32f4xx_hal_rcc_ex.o" --specs=nano.specs -mfpu=fpv4-sp-d16 -mfloat-abi=hard -mthumb -o "Drivers/STM32F4xx_HAL_Driver/Src/stm32f4xx_hal_rcc_ex.o"
arm-none-eabi-gcc "../Drivers/STM32F4xx_HAL_Driver/Src/stm32f4xx_hal_tim.c" -mcpu=cortex-m4 -std=gnu11 -g3 -DUSE_HAL_DRIVER -DSTM32F401xE -DDEBUG -c -I../Drivers/CMSIS/Include -I../Drivers/STM32F4xx_HAL_Driver/Inc -I../Core/Inc -I../Drivers/CMSIS/Device/ST/STM32F4xx/Include -I../Drivers/STM32F4xx_HAL_Driver/Inc/Legacy -O0 -ffunction-sections -fdata-sections -Wall -fstack-usage -MMD -MP -MF"Drivers/STM32F4xx_HAL_Driver/Src/stm32f4xx_hal_tim.d" -MT"Drivers/STM32F4xx_HAL_Driver/Src/stm32f4xx_hal_tim.o" --specs=nano.specs -mfpu=fpv4-sp-d16 -mfloat-abi=hard -mthumb -o "Drivers/STM32F4xx_HAL_Driver/Src/stm32f4xx_hal_tim.o"
arm-none-eabi-gcc "../Drivers/STM32F4xx_HAL_Driver/Src/stm32f4xx_hal_tim_ex.c" -mcpu=cortex-m4 -std=gnu11 -g3 -DUSE_HAL_DRIVER -DSTM32F401xE -DDEBUG -c -I../Drivers/CMSIS/Include -I../Drivers/STM32F4xx_HAL_Driver/Inc -I../Core/Inc -I../Drivers/CMSIS/Device/ST/STM32F4xx/Include -I../Drivers/STM32F4xx_HAL_Driver/Inc/Legacy -O0 -ffunction-sections -fdata-sections -Wall -fstack-usage -MMD -MP -MF"Drivers/STM32F4xx_HAL_Driver/Src/stm32f4xx_hal_tim_ex.d" -MT"Drivers/STM32F4xx_HAL_Driver/Src/stm32f4xx_hal_tim_ex.o" --specs=nano.specs -mfpu=fpv4-sp-d16 -mfloat-abi=hard -mthumb -o "Drivers/STM32F4xx_HAL_Driver/Src/stm32f4xx_hal_tim_ex.o"
arm-none-eabi-gcc "../Drivers/STM32F4xx_HAL_Driver/Src/stm32f4xx_hal_uart.c" -mcpu=cortex-m4 -std=gnu11 -g3 -DUSE_HAL_DRIVER -DSTM32F401xE -DDEBUG -c -I../Drivers/CMSIS/Include -I../Drivers/STM32F4xx_HAL_Driver/Inc -I../Core/Inc -I../Drivers/CMSIS/Device/ST/STM32F4xx/Include -I../Drivers/STM32F4xx_HAL_Driver/Inc/Legacy -O0 -ffunction-sections -fdata-sections -Wall -fstack-usage -MMD -MP -MF"Drivers/STM32F4xx_HAL_Driver/Src/stm32f4xx_hal_uart.d" -MT"Drivers/STM32F4xx_HAL_Driver/Src/stm32f4xx_hal_uart.o" --specs=nano.specs -mfpu=fpv4-sp-d16 -mfloat-abi=hard -mthumb -o "Drivers/STM32F4xx_HAL_Driver/Src/stm32f4xx_hal_uart.o"
arm-none-eabi-gcc -mcpu=cortex-m4 -g3 -c -x assembler-with-cpp --specs=nano.specs -mfpu=fpv4-sp-d16 -mfloat-abi=hard -mthumb -o "Core/Startup/startup_stm32f401retx.o" "../Core/Startup/startup_stm32f401retx.s"
arm-none-eabi-gcc "../Core/Src/main.c" -mcpu=cortex-m4 -std=gnu11 -g3 -DUSE_HAL_DRIVER -DSTM32F401xE -DDEBUG -c -I../Drivers/CMSIS/Include -I../Drivers/STM32F4xx_HAL_Driver/Inc -I../Core/Inc -I../Drivers/CMSIS/Device/ST/STM32F4xx/Include -I../Drivers/STM32F4xx_HAL_Driver/Inc/Legacy -O0 -ffunction-sections -fdata-sections -Wall -fstack-usage -MMD -MP -MF"Core/Src/main.d" -MT"Core/Src/main.o" --specs=nano.specs -mfpu=fpv4-sp-d16 -mfloat-abi=hard -mthumb -o "Core/Src/main.o"
arm-none-eabi-gcc "../Core/Src/stm32f4xx_hal_msp.c" -mcpu=cortex-m4 -std=gnu11 -g3 -DUSE_HAL_DRIVER -DSTM32F401xE -DDEBUG -c -I../Drivers/CMSIS/Include -I../Drivers/STM32F4xx_HAL_Driver/Inc -I../Core/Inc -I../Drivers/CMSIS/Device/ST/STM32F4xx/Include -I../Drivers/STM32F4xx_HAL_Driver/Inc/Legacy -O0 -ffunction-sections -fdata-sections -Wall -fstack-usage -MMD -MP -MF"Core/Src/stm32f4xx_hal_msp.d" -MT"Core/Src/stm32f4xx_hal_msp.o" --specs=nano.specs -mfpu=fpv4-sp-d16 -mfloat-abi=hard -mthumb -o "Core/Src/stm32f4xx_hal_msp.o"
arm-none-eabi-gcc "../Core/Src/stm32f4xx_it.c" -mcpu=cortex-m4 -std=gnu11 -g3 -DUSE_HAL_DRIVER -DSTM32F401xE -DDEBUG -c -I../Drivers/CMSIS/Include -I../Drivers/STM32F4xx_HAL_Driver/Inc -I../Core/Inc -I../Drivers/CMSIS/Device/ST/STM32F4xx/Include -I../Drivers/STM32F4xx_HAL_Driver/Inc/Legacy -O0 -ffunction-sections -fdata-sections -Wall -fstack-usage -MMD -MP -MF"Core/Src/stm32f4xx_it.d" -MT"Core/Src/stm32f4xx_it.o" --specs=nano.specs -mfpu=fpv4-sp-d16 -mfloat-abi=hard -mthumb -o "Core/Src/stm32f4xx_it.o"
arm-none-eabi-gcc "../Core/Src/syscalls.c" -mcpu=cortex-m4 -std=gnu11 -g3 -DUSE_HAL_DRIVER -DSTM32F401xE -DDEBUG -c -I../Drivers/CMSIS/Include -I../Drivers/STM32F4xx_HAL_Driver/Inc -I../Core/Inc -I../Drivers/CMSIS/Device/ST/STM32F4xx/Include -I../Drivers/STM32F4xx_HAL_Driver/Inc/Legacy -O0 -ffunction-sections -fdata-sections -Wall -fstack-usage -MMD -MP -MF"Core/Src/syscalls.d" -MT"Core/Src/syscalls.o" --specs=nano.specs -mfpu=fpv4-sp-d16 -mfloat-abi=hard -mthumb -o "Core/Src/syscalls.o"
arm-none-eabi-gcc "../Core/Src/sysmem.c" -mcpu=cortex-m4 -std=gnu11 -g3 -DUSE_HAL_DRIVER -DSTM32F401xE -DDEBUG -c -I../Drivers/CMSIS/Include -I../Drivers/STM32F4xx_HAL_Driver/Inc -I../Core/Inc -I../Drivers/CMSIS/Device/ST/STM32F4xx/Include -I../Drivers/STM32F4xx_HAL_Driver/Inc/Legacy -O0 -ffunction-sections -fdata-sections -Wall -fstack-usage -MMD -MP -MF"Core/Src/sysmem.d" -MT"Core/Src/sysmem.o" --specs=nano.specs -mfpu=fpv4-sp-d16 -mfloat-abi=hard -mthumb -o "Core/Src/sysmem.o"
arm-none-eabi-gcc "../Core/Src/system_stm32f4xx.c" -mcpu=cortex-m4 -std=gnu11 -g3 -DUSE_HAL_DRIVER -DSTM32F401xE -DDEBUG -c -I../Drivers/CMSIS/Include -I../Drivers/STM32F4xx_HAL_Driver/Inc -I../Core/Inc -I../Drivers/CMSIS/Device/ST/STM32F4xx/Include -I../Drivers/STM32F4xx_HAL_Driver/Inc/Legacy -O0 -ffunction-sections -fdata-sections -Wall -fstack-usage -MMD -MP -MF"Core/Src/system_stm32f4xx.d" -MT"Core/Src/system_stm32f4xx.o" --specs=nano.specs -mfpu=fpv4-sp-d16 -mfloat-abi=hard -mthumb -o "Core/Src/system_stm32f4xx.o"
arm-none-eabi-gcc -o "New_Project.elf" @"objects.list"   -mcpu=cortex-m4 -T"C:\Users\moon\STM32CubeIDE\workspace_1.3.0\New_Project\STM32F401RETX_FLASH.ld" --specs=nosys.specs -Wl,-Map="New_Project.map" -Wl,--gc-sections -static --specs=nano.specs -mfpu=fpv4-sp-d16 -mfloat-abi=hard -mthumb -Wl,--start-group -lc -lm -Wl,--end-group
Finished building target: New_Project.elf
 
arm-none-eabi-size   New_Project.elf 
arm-none-eabi-objdump -h -S  New_Project.elf  > "New_Project.list"
arm-none-eabi-objcopy  -O binary  New_Project.elf  "New_Project.bin"
   text	   data	    bss	    dec	    hex	filename
  11036	     20	   1700	  12756	   31d4	New_Project.elf
Finished building: default.size.stdout
 
Finished building: New_Project.bin
 
Finished building: New_Project.list
 
13:43:11 **** Build of configuration Debug for project PWM_6 ****
make -j12 all 
arm-none-eabi-size   PWM_6.elf 
   text	   data	    bss	    dec	    hex	filename
  11780	     20	   1828	  13628	   353c	PWM_6.elf
Finished building: default.size.stdout
 
13:43:11 **** Build of configuration Debug for project TIMER_TWO ****
make -j12 all 
arm-none-eabi-size   TIMER_TWO.elf 
   text	   data	    bss	    dec	    hex	filename
  11392	     20	   1700	  13112	   3338	TIMER_TWO.elf
Finished building: default.size.stdout
 
13:43:12 **** Build of configuration Debug for project UART_RECEIVE ****
make -j12 all 
arm-none-eabi-size   UART_RECEIVE.elf 
   text	   data	    bss	    dec	    hex	filename
   8952	     20	   1636	  10608	   2970	UART_RECEIVE.elf
Finished building: default.size.stdout
 
13:43:12 **** Build of configuration Debug for project UART_RECEIVE_NUM ****
make -j12 all 
arm-none-eabi-size   UART_RECEIVE_NUM.elf 
   text	   data	    bss	    dec	    hex	filename
  10184	     20	   1636	  11840	   2e40	UART_RECEIVE_NUM.elf
Finished building: default.size.stdout
 
13:43:13 **** Build of configuration Debug for project UART_test ****
make -j12 all 
arm-none-eabi-size   UART_test.elf 
   text	   data	    bss	    dec	    hex	filename
   8680	     20	   1636	  10336	   2860	UART_test.elf
Finished building: default.size.stdout
 
13:43:14 **** Build of configuration Debug for project lec11 ****
make -j12 all 
arm-none-eabi-size   lec11.elf 
   text	   data	    bss	    dec	    hex	filename
  10976	     20	   1700	  12696	   3198	lec11.elf
Finished building: default.size.stdout
 
13:43:14 **** Build of configuration Debug for project lec11_mymy ****
make -j12 all 
arm-none-eabi-size   lec11_mymy.elf 
   text	   data	    bss	    dec	    hex	filename
  10772	     20	   1700	  12492	   30cc	lec11_mymy.elf
Finished building: default.size.stdout
 
13:43:15 **** Build of configuration Debug for project lec12 ****
make -j12 all 
arm-none-eabi-size   lec12.elf 
   text	   data	    bss	    dec	    hex	filename
  25160	    484	   1732	  27376	   6af0	lec12.elf
Finished building: default.size.stdout
 
13:43:16 **** Build of configuration Debug for project lec_10 ****
make -j12 all 
arm-none-eabi-size   lec_10.elf 
   text	   data	    bss	    dec	    hex	filename
  11620	     20	   1700	  13340	   341c	lec_10.elf
Finished building: default.size.stdout
 
13:43:16 **** Build of configuration Debug for project lec_10_2 ****
make -j12 all 
arm-none-eabi-size   lec_10_2.elf 
   text	   data	    bss	    dec	    hex	filename
  14432	     20	   1772	  16224	   3f60	lec_10_2.elf
Finished building: default.size.stdout
 
13:43:17 **** Build of configuration Debug for project printf_5 ****
make -j12 all 
arm-none-eabi-size   printf_5.elf 
   text	   data	    bss	    dec	    hex	filename
  22256	    484	   1652	  24392	   5f48	printf_5.elf
Finished building: default.size.stdout
 
13:43:18 **** Build of configuration Debug for project scanf_5 ****
make -j12 all 
arm-none-eabi-size   scanf_5.elf 
   text	   data	    bss	    dec	    hex	filename
  34612	    484	   1660	  36756	   8f94	scanf_5.elf
Finished building: default.size.stdout
 
13:43:18 **** Build of configuration Debug for project testttttttttt ****
make -j12 all 
arm-none-eabi-size   testttttttttt.elf 
   text	   data	    bss	    dec	    hex	filename
   8260	     20	   1636	   9916	   26bc	testttttttttt.elf
Finished building: default.size.stdout
 
13:53:40 **** Incremental Build of configuration Debug for project ADC2_7 ****
make -j12 all 
arm-none-eabi-size   ADC2_7.elf 
   text	   data	    bss	    dec	    hex	filename
  11164	     20	   1708	  12892	   325c	ADC2_7.elf
Finished building: default.size.stdout
 
13:53:40 **** Incremental Build of configuration Debug for project ADC_7 ****
make -j12 all 
arm-none-eabi-size   ADC_7.elf 
   text	   data	    bss	    dec	    hex	filename
  12548	     20	   1716	  14284	   37cc	ADC_7.elf
Finished building: default.size.stdout
 
13:53:41 **** Incremental Build of configuration Debug for project ADC_timer_7 ****
make -j12 all 
arm-none-eabi-size   ADC_timer_7.elf 
   text	   data	    bss	    dec	    hex	filename
  13940	     20	   1772	  15732	   3d74	ADC_timer_7.elf
Finished building: default.size.stdout
 
13:53:42 **** Incremental Build of configuration Debug for project DMA_9 ****
make -j12 all 
arm-none-eabi-size   DMA_9.elf 
   text	   data	    bss	    dec	    hex	filename
  16944	    120	   1832	  18896	   49d0	DMA_9.elf
Finished building: default.size.stdout
 
13:53:42 **** Incremental Build of configuration Debug for project MoonsProject ****
make -j12 all 
arm-none-eabi-size   MoonsProject.elf 
   text	   data	    bss	    dec	    hex	filename
  10604	     20	   1700	  12324	   3024	MoonsProject.elf
Finished building: default.size.stdout
 
13:53:43 **** Incremental Build of configuration Debug for project New_Project ****
make -j12 all 
arm-none-eabi-gcc "../Core/Src/system_stm32f4xx.c" -mcpu=cortex-m4 -std=gnu11 -g3 -DUSE_HAL_DRIVER -DSTM32F401xE -DDEBUG -c -I../Drivers/CMSIS/Include -I../Drivers/STM32F4xx_HAL_Driver/Inc -I../Core/Inc -I../Drivers/CMSIS/Device/ST/STM32F4xx/Include -I../Drivers/STM32F4xx_HAL_Driver/Inc/Legacy -O0 -ffunction-sections -fdata-sections -Wall -fstack-usage -MMD -MP -MF"Core/Src/system_stm32f4xx.d" -MT"Core/Src/system_stm32f4xx.o" --specs=nano.specs -mfpu=fpv4-sp-d16 -mfloat-abi=hard -mthumb -o "Core/Src/system_stm32f4xx.o"
arm-none-eabi-gcc "../Drivers/STM32F4xx_HAL_Driver/Src/stm32f4xx_hal.c" -mcpu=cortex-m4 -std=gnu11 -g3 -DUSE_HAL_DRIVER -DSTM32F401xE -DDEBUG -c -I../Drivers/CMSIS/Include -I../Drivers/STM32F4xx_HAL_Driver/Inc -I../Core/Inc -I../Drivers/CMSIS/Device/ST/STM32F4xx/Include -I../Drivers/STM32F4xx_HAL_Driver/Inc/Legacy -O0 -ffunction-sections -fdata-sections -Wall -fstack-usage -MMD -MP -MF"Drivers/STM32F4xx_HAL_Driver/Src/stm32f4xx_hal.d" -MT"Drivers/STM32F4xx_HAL_Driver/Src/stm32f4xx_hal.o" --specs=nano.specs -mfpu=fpv4-sp-d16 -mfloat-abi=hard -mthumb -o "Drivers/STM32F4xx_HAL_Driver/Src/stm32f4xx_hal.o"
arm-none-eabi-gcc "../Drivers/STM32F4xx_HAL_Driver/Src/stm32f4xx_hal_cortex.c" -mcpu=cortex-m4 -std=gnu11 -g3 -DUSE_HAL_DRIVER -DSTM32F401xE -DDEBUG -c -I../Drivers/CMSIS/Include -I../Drivers/STM32F4xx_HAL_Driver/Inc -I../Core/Inc -I../Drivers/CMSIS/Device/ST/STM32F4xx/Include -I../Drivers/STM32F4xx_HAL_Driver/Inc/Legacy -O0 -ffunction-sections -fdata-sections -Wall -fstack-usage -MMD -MP -MF"Drivers/STM32F4xx_HAL_Driver/Src/stm32f4xx_hal_cortex.d" -MT"Drivers/STM32F4xx_HAL_Driver/Src/stm32f4xx_hal_cortex.o" --specs=nano.specs -mfpu=fpv4-sp-d16 -mfloat-abi=hard -mthumb -o "Drivers/STM32F4xx_HAL_Driver/Src/stm32f4xx_hal_cortex.o"
arm-none-eabi-gcc "../Drivers/STM32F4xx_HAL_Driver/Src/stm32f4xx_hal_dma.c" -mcpu=cortex-m4 -std=gnu11 -g3 -DUSE_HAL_DRIVER -DSTM32F401xE -DDEBUG -c -I../Drivers/CMSIS/Include -I../Drivers/STM32F4xx_HAL_Driver/Inc -I../Core/Inc -I../Drivers/CMSIS/Device/ST/STM32F4xx/Include -I../Drivers/STM32F4xx_HAL_Driver/Inc/Legacy -O0 -ffunction-sections -fdata-sections -Wall -fstack-usage -MMD -MP -MF"Drivers/STM32F4xx_HAL_Driver/Src/stm32f4xx_hal_dma.d" -MT"Drivers/STM32F4xx_HAL_Driver/Src/stm32f4xx_hal_dma.o" --specs=nano.specs -mfpu=fpv4-sp-d16 -mfloat-abi=hard -mthumb -o "Drivers/STM32F4xx_HAL_Driver/Src/stm32f4xx_hal_dma.o"
arm-none-eabi-gcc "../Drivers/STM32F4xx_HAL_Driver/Src/stm32f4xx_hal_dma_ex.c" -mcpu=cortex-m4 -std=gnu11 -g3 -DUSE_HAL_DRIVER -DSTM32F401xE -DDEBUG -c -I../Drivers/CMSIS/Include -I../Drivers/STM32F4xx_HAL_Driver/Inc -I../Core/Inc -I../Drivers/CMSIS/Device/ST/STM32F4xx/Include -I../Drivers/STM32F4xx_HAL_Driver/Inc/Legacy -O0 -ffunction-sections -fdata-sections -Wall -fstack-usage -MMD -MP -MF"Drivers/STM32F4xx_HAL_Driver/Src/stm32f4xx_hal_dma_ex.d" -MT"Drivers/STM32F4xx_HAL_Driver/Src/stm32f4xx_hal_dma_ex.o" --specs=nano.specs -mfpu=fpv4-sp-d16 -mfloat-abi=hard -mthumb -o "Drivers/STM32F4xx_HAL_Driver/Src/stm32f4xx_hal_dma_ex.o"
arm-none-eabi-gcc "../Drivers/STM32F4xx_HAL_Driver/Src/stm32f4xx_hal_exti.c" -mcpu=cortex-m4 -std=gnu11 -g3 -DUSE_HAL_DRIVER -DSTM32F401xE -DDEBUG -c -I../Drivers/CMSIS/Include -I../Drivers/STM32F4xx_HAL_Driver/Inc -I../Core/Inc -I../Drivers/CMSIS/Device/ST/STM32F4xx/Include -I../Drivers/STM32F4xx_HAL_Driver/Inc/Legacy -O0 -ffunction-sections -fdata-sections -Wall -fstack-usage -MMD -MP -MF"Drivers/STM32F4xx_HAL_Driver/Src/stm32f4xx_hal_exti.d" -MT"Drivers/STM32F4xx_HAL_Driver/Src/stm32f4xx_hal_exti.o" --specs=nano.specs -mfpu=fpv4-sp-d16 -mfloat-abi=hard -mthumb -o "Drivers/STM32F4xx_HAL_Driver/Src/stm32f4xx_hal_exti.o"
arm-none-eabi-gcc "../Drivers/STM32F4xx_HAL_Driver/Src/stm32f4xx_hal_flash.c" -mcpu=cortex-m4 -std=gnu11 -g3 -DUSE_HAL_DRIVER -DSTM32F401xE -DDEBUG -c -I../Drivers/CMSIS/Include -I../Drivers/STM32F4xx_HAL_Driver/Inc -I../Core/Inc -I../Drivers/CMSIS/Device/ST/STM32F4xx/Include -I../Drivers/STM32F4xx_HAL_Driver/Inc/Legacy -O0 -ffunction-sections -fdata-sections -Wall -fstack-usage -MMD -MP -MF"Drivers/STM32F4xx_HAL_Driver/Src/stm32f4xx_hal_flash.d" -MT"Drivers/STM32F4xx_HAL_Driver/Src/stm32f4xx_hal_flash.o" --specs=nano.specs -mfpu=fpv4-sp-d16 -mfloat-abi=hard -mthumb -o "Drivers/STM32F4xx_HAL_Driver/Src/stm32f4xx_hal_flash.o"
arm-none-eabi-gcc "../Drivers/STM32F4xx_HAL_Driver/Src/stm32f4xx_hal_flash_ex.c" -mcpu=cortex-m4 -std=gnu11 -g3 -DUSE_HAL_DRIVER -DSTM32F401xE -DDEBUG -c -I../Drivers/CMSIS/Include -I../Drivers/STM32F4xx_HAL_Driver/Inc -I../Core/Inc -I../Drivers/CMSIS/Device/ST/STM32F4xx/Include -I../Drivers/STM32F4xx_HAL_Driver/Inc/Legacy -O0 -ffunction-sections -fdata-sections -Wall -fstack-usage -MMD -MP -MF"Drivers/STM32F4xx_HAL_Driver/Src/stm32f4xx_hal_flash_ex.d" -MT"Drivers/STM32F4xx_HAL_Driver/Src/stm32f4xx_hal_flash_ex.o" --specs=nano.specs -mfpu=fpv4-sp-d16 -mfloat-abi=hard -mthumb -o "Drivers/STM32F4xx_HAL_Driver/Src/stm32f4xx_hal_flash_ex.o"
arm-none-eabi-gcc "../Drivers/STM32F4xx_HAL_Driver/Src/stm32f4xx_hal_flash_ramfunc.c" -mcpu=cortex-m4 -std=gnu11 -g3 -DUSE_HAL_DRIVER -DSTM32F401xE -DDEBUG -c -I../Drivers/CMSIS/Include -I../Drivers/STM32F4xx_HAL_Driver/Inc -I../Core/Inc -I../Drivers/CMSIS/Device/ST/STM32F4xx/Include -I../Drivers/STM32F4xx_HAL_Driver/Inc/Legacy -O0 -ffunction-sections -fdata-sections -Wall -fstack-usage -MMD -MP -MF"Drivers/STM32F4xx_HAL_Driver/Src/stm32f4xx_hal_flash_ramfunc.d" -MT"Drivers/STM32F4xx_HAL_Driver/Src/stm32f4xx_hal_flash_ramfunc.o" --specs=nano.specs -mfpu=fpv4-sp-d16 -mfloat-abi=hard -mthumb -o "Drivers/STM32F4xx_HAL_Driver/Src/stm32f4xx_hal_flash_ramfunc.o"
arm-none-eabi-gcc "../Drivers/STM32F4xx_HAL_Driver/Src/stm32f4xx_hal_gpio.c" -mcpu=cortex-m4 -std=gnu11 -g3 -DUSE_HAL_DRIVER -DSTM32F401xE -DDEBUG -c -I../Drivers/CMSIS/Include -I../Drivers/STM32F4xx_HAL_Driver/Inc -I../Core/Inc -I../Drivers/CMSIS/Device/ST/STM32F4xx/Include -I../Drivers/STM32F4xx_HAL_Driver/Inc/Legacy -O0 -ffunction-sections -fdata-sections -Wall -fstack-usage -MMD -MP -MF"Drivers/STM32F4xx_HAL_Driver/Src/stm32f4xx_hal_gpio.d" -MT"Drivers/STM32F4xx_HAL_Driver/Src/stm32f4xx_hal_gpio.o" --specs=nano.specs -mfpu=fpv4-sp-d16 -mfloat-abi=hard -mthumb -o "Drivers/STM32F4xx_HAL_Driver/Src/stm32f4xx_hal_gpio.o"
arm-none-eabi-gcc "../Drivers/STM32F4xx_HAL_Driver/Src/stm32f4xx_hal_pwr.c" -mcpu=cortex-m4 -std=gnu11 -g3 -DUSE_HAL_DRIVER -DSTM32F401xE -DDEBUG -c -I../Drivers/CMSIS/Include -I../Drivers/STM32F4xx_HAL_Driver/Inc -I../Core/Inc -I../Drivers/CMSIS/Device/ST/STM32F4xx/Include -I../Drivers/STM32F4xx_HAL_Driver/Inc/Legacy -O0 -ffunction-sections -fdata-sections -Wall -fstack-usage -MMD -MP -MF"Drivers/STM32F4xx_HAL_Driver/Src/stm32f4xx_hal_pwr.d" -MT"Drivers/STM32F4xx_HAL_Driver/Src/stm32f4xx_hal_pwr.o" --specs=nano.specs -mfpu=fpv4-sp-d16 -mfloat-abi=hard -mthumb -o "Drivers/STM32F4xx_HAL_Driver/Src/stm32f4xx_hal_pwr.o"
arm-none-eabi-gcc "../Drivers/STM32F4xx_HAL_Driver/Src/stm32f4xx_hal_pwr_ex.c" -mcpu=cortex-m4 -std=gnu11 -g3 -DUSE_HAL_DRIVER -DSTM32F401xE -DDEBUG -c -I../Drivers/CMSIS/Include -I../Drivers/STM32F4xx_HAL_Driver/Inc -I../Core/Inc -I../Drivers/CMSIS/Device/ST/STM32F4xx/Include -I../Drivers/STM32F4xx_HAL_Driver/Inc/Legacy -O0 -ffunction-sections -fdata-sections -Wall -fstack-usage -MMD -MP -MF"Drivers/STM32F4xx_HAL_Driver/Src/stm32f4xx_hal_pwr_ex.d" -MT"Drivers/STM32F4xx_HAL_Driver/Src/stm32f4xx_hal_pwr_ex.o" --specs=nano.specs -mfpu=fpv4-sp-d16 -mfloat-abi=hard -mthumb -o "Drivers/STM32F4xx_HAL_Driver/Src/stm32f4xx_hal_pwr_ex.o"
arm-none-eabi-gcc "../Drivers/STM32F4xx_HAL_Driver/Src/stm32f4xx_hal_rcc.c" -mcpu=cortex-m4 -std=gnu11 -g3 -DUSE_HAL_DRIVER -DSTM32F401xE -DDEBUG -c -I../Drivers/CMSIS/Include -I../Drivers/STM32F4xx_HAL_Driver/Inc -I../Core/Inc -I../Drivers/CMSIS/Device/ST/STM32F4xx/Include -I../Drivers/STM32F4xx_HAL_Driver/Inc/Legacy -O0 -ffunction-sections -fdata-sections -Wall -fstack-usage -MMD -MP -MF"Drivers/STM32F4xx_HAL_Driver/Src/stm32f4xx_hal_rcc.d" -MT"Drivers/STM32F4xx_HAL_Driver/Src/stm32f4xx_hal_rcc.o" --specs=nano.specs -mfpu=fpv4-sp-d16 -mfloat-abi=hard -mthumb -o "Drivers/STM32F4xx_HAL_Driver/Src/stm32f4xx_hal_rcc.o"
arm-none-eabi-gcc "../Drivers/STM32F4xx_HAL_Driver/Src/stm32f4xx_hal_rcc_ex.c" -mcpu=cortex-m4 -std=gnu11 -g3 -DUSE_HAL_DRIVER -DSTM32F401xE -DDEBUG -c -I../Drivers/CMSIS/Include -I../Drivers/STM32F4xx_HAL_Driver/Inc -I../Core/Inc -I../Drivers/CMSIS/Device/ST/STM32F4xx/Include -I../Drivers/STM32F4xx_HAL_Driver/Inc/Legacy -O0 -ffunction-sections -fdata-sections -Wall -fstack-usage -MMD -MP -MF"Drivers/STM32F4xx_HAL_Driver/Src/stm32f4xx_hal_rcc_ex.d" -MT"Drivers/STM32F4xx_HAL_Driver/Src/stm32f4xx_hal_rcc_ex.o" --specs=nano.specs -mfpu=fpv4-sp-d16 -mfloat-abi=hard -mthumb -o "Drivers/STM32F4xx_HAL_Driver/Src/stm32f4xx_hal_rcc_ex.o"
arm-none-eabi-gcc "../Drivers/STM32F4xx_HAL_Driver/Src/stm32f4xx_hal_tim.c" -mcpu=cortex-m4 -std=gnu11 -g3 -DUSE_HAL_DRIVER -DSTM32F401xE -DDEBUG -c -I../Drivers/CMSIS/Include -I../Drivers/STM32F4xx_HAL_Driver/Inc -I../Core/Inc -I../Drivers/CMSIS/Device/ST/STM32F4xx/Include -I../Drivers/STM32F4xx_HAL_Driver/Inc/Legacy -O0 -ffunction-sections -fdata-sections -Wall -fstack-usage -MMD -MP -MF"Drivers/STM32F4xx_HAL_Driver/Src/stm32f4xx_hal_tim.d" -MT"Drivers/STM32F4xx_HAL_Driver/Src/stm32f4xx_hal_tim.o" --specs=nano.specs -mfpu=fpv4-sp-d16 -mfloat-abi=hard -mthumb -o "Drivers/STM32F4xx_HAL_Driver/Src/stm32f4xx_hal_tim.o"
arm-none-eabi-gcc "../Drivers/STM32F4xx_HAL_Driver/Src/stm32f4xx_hal_tim_ex.c" -mcpu=cortex-m4 -std=gnu11 -g3 -DUSE_HAL_DRIVER -DSTM32F401xE -DDEBUG -c -I../Drivers/CMSIS/Include -I../Drivers/STM32F4xx_HAL_Driver/Inc -I../Core/Inc -I../Drivers/CMSIS/Device/ST/STM32F4xx/Include -I../Drivers/STM32F4xx_HAL_Driver/Inc/Legacy -O0 -ffunction-sections -fdata-sections -Wall -fstack-usage -MMD -MP -MF"Drivers/STM32F4xx_HAL_Driver/Src/stm32f4xx_hal_tim_ex.d" -MT"Drivers/STM32F4xx_HAL_Driver/Src/stm32f4xx_hal_tim_ex.o" --specs=nano.specs -mfpu=fpv4-sp-d16 -mfloat-abi=hard -mthumb -o "Drivers/STM32F4xx_HAL_Driver/Src/stm32f4xx_hal_tim_ex.o"
arm-none-eabi-gcc "../Drivers/STM32F4xx_HAL_Driver/Src/stm32f4xx_hal_uart.c" -mcpu=cortex-m4 -std=gnu11 -g3 -DUSE_HAL_DRIVER -DSTM32F401xE -DDEBUG -c -I../Drivers/CMSIS/Include -I../Drivers/STM32F4xx_HAL_Driver/Inc -I../Core/Inc -I../Drivers/CMSIS/Device/ST/STM32F4xx/Include -I../Drivers/STM32F4xx_HAL_Driver/Inc/Legacy -O0 -ffunction-sections -fdata-sections -Wall -fstack-usage -MMD -MP -MF"Drivers/STM32F4xx_HAL_Driver/Src/stm32f4xx_hal_uart.d" -MT"Drivers/STM32F4xx_HAL_Driver/Src/stm32f4xx_hal_uart.o" --specs=nano.specs -mfpu=fpv4-sp-d16 -mfloat-abi=hard -mthumb -o "Drivers/STM32F4xx_HAL_Driver/Src/stm32f4xx_hal_uart.o"
arm-none-eabi-gcc "../Core/Src/main.c" -mcpu=cortex-m4 -std=gnu11 -g3 -DUSE_HAL_DRIVER -DSTM32F401xE -DDEBUG -c -I../Drivers/CMSIS/Include -I../Drivers/STM32F4xx_HAL_Driver/Inc -I../Core/Inc -I../Drivers/CMSIS/Device/ST/STM32F4xx/Include -I../Drivers/STM32F4xx_HAL_Driver/Inc/Legacy -O0 -ffunction-sections -fdata-sections -Wall -fstack-usage -MMD -MP -MF"Core/Src/main.d" -MT"Core/Src/main.o" --specs=nano.specs -mfpu=fpv4-sp-d16 -mfloat-abi=hard -mthumb -o "Core/Src/main.o"
arm-none-eabi-gcc "../Core/Src/stm32f4xx_hal_msp.c" -mcpu=cortex-m4 -std=gnu11 -g3 -DUSE_HAL_DRIVER -DSTM32F401xE -DDEBUG -c -I../Drivers/CMSIS/Include -I../Drivers/STM32F4xx_HAL_Driver/Inc -I../Core/Inc -I../Drivers/CMSIS/Device/ST/STM32F4xx/Include -I../Drivers/STM32F4xx_HAL_Driver/Inc/Legacy -O0 -ffunction-sections -fdata-sections -Wall -fstack-usage -MMD -MP -MF"Core/Src/stm32f4xx_hal_msp.d" -MT"Core/Src/stm32f4xx_hal_msp.o" --specs=nano.specs -mfpu=fpv4-sp-d16 -mfloat-abi=hard -mthumb -o "Core/Src/stm32f4xx_hal_msp.o"
arm-none-eabi-gcc "../Core/Src/stm32f4xx_it.c" -mcpu=cortex-m4 -std=gnu11 -g3 -DUSE_HAL_DRIVER -DSTM32F401xE -DDEBUG -c -I../Drivers/CMSIS/Include -I../Drivers/STM32F4xx_HAL_Driver/Inc -I../Core/Inc -I../Drivers/CMSIS/Device/ST/STM32F4xx/Include -I../Drivers/STM32F4xx_HAL_Driver/Inc/Legacy -O0 -ffunction-sections -fdata-sections -Wall -fstack-usage -MMD -MP -MF"Core/Src/stm32f4xx_it.d" -MT"Core/Src/stm32f4xx_it.o" --specs=nano.specs -mfpu=fpv4-sp-d16 -mfloat-abi=hard -mthumb -o "Core/Src/stm32f4xx_it.o"
../Core/Src/main.c: In function 'HAL_TIM_PeriodElapsedCallback':
../Core/Src/main.c:295:20: warning: comparison of distinct pointer types lacks a cast
  if(htim->Instance == TIM){
                    ^~
../Core/Src/main.c:297:3: warning: implicit declaration of function 'printf' [-Wimplicit-function-declaration]
   printf("%d\t\n", sec);
   ^~~~~~
../Core/Src/main.c:297:3: warning: incompatible implicit declaration of built-in function 'printf'
../Core/Src/main.c:297:3: note: include '<stdio.h>' or provide a declaration of 'printf'
arm-none-eabi-gcc -o "New_Project.elf" @"objects.list"   -mcpu=cortex-m4 -T"C:\Users\moon\STM32CubeIDE\workspace_1.3.0\New_Project\STM32F401RETX_FLASH.ld" --specs=nosys.specs -Wl,-Map="New_Project.map" -Wl,--gc-sections -static --specs=nano.specs -mfpu=fpv4-sp-d16 -mfloat-abi=hard -mthumb -Wl,--start-group -lc -lm -Wl,--end-group
Finished building target: New_Project.elf
 
arm-none-eabi-objdump -h -S  New_Project.elf  > "New_Project.list"
arm-none-eabi-objcopy  -O binary  New_Project.elf  "New_Project.bin"
arm-none-eabi-size   New_Project.elf 
   text	   data	    bss	    dec	    hex	filename
  15436	    120	   1720	  17276	   437c	New_Project.elf
Finished building: default.size.stdout
 
Finished building: New_Project.bin
 
Finished building: New_Project.list
 
13:53:45 **** Incremental Build of configuration Debug for project PWM_6 ****
make -j12 all 
arm-none-eabi-size   PWM_6.elf 
   text	   data	    bss	    dec	    hex	filename
  11780	     20	   1828	  13628	   353c	PWM_6.elf
Finished building: default.size.stdout
 
13:53:46 **** Incremental Build of configuration Debug for project TIMER_TWO ****
make -j12 all 
arm-none-eabi-size   TIMER_TWO.elf 
   text	   data	    bss	    dec	    hex	filename
  11392	     20	   1700	  13112	   3338	TIMER_TWO.elf
Finished building: default.size.stdout
 
13:53:46 **** Incremental Build of configuration Debug for project UART_RECEIVE ****
make -j12 all 
arm-none-eabi-size   UART_RECEIVE.elf 
   text	   data	    bss	    dec	    hex	filename
   8952	     20	   1636	  10608	   2970	UART_RECEIVE.elf
Finished building: default.size.stdout
 
13:53:47 **** Incremental Build of configuration Debug for project UART_RECEIVE_NUM ****
make -j12 all 
arm-none-eabi-size   UART_RECEIVE_NUM.elf 
   text	   data	    bss	    dec	    hex	filename
  10184	     20	   1636	  11840	   2e40	UART_RECEIVE_NUM.elf
Finished building: default.size.stdout
 
13:53:47 **** Incremental Build of configuration Debug for project UART_test ****
make -j12 all 
arm-none-eabi-size   UART_test.elf 
   text	   data	    bss	    dec	    hex	filename
   8680	     20	   1636	  10336	   2860	UART_test.elf
Finished building: default.size.stdout
 
13:53:48 **** Incremental Build of configuration Debug for project lec11 ****
make -j12 all 
arm-none-eabi-size   lec11.elf 
   text	   data	    bss	    dec	    hex	filename
  10976	     20	   1700	  12696	   3198	lec11.elf
Finished building: default.size.stdout
 
13:53:48 **** Incremental Build of configuration Debug for project lec11_mymy ****
make -j12 all 
arm-none-eabi-size   lec11_mymy.elf 
   text	   data	    bss	    dec	    hex	filename
  10772	     20	   1700	  12492	   30cc	lec11_mymy.elf
Finished building: default.size.stdout
 
13:53:49 **** Incremental Build of configuration Debug for project lec12 ****
make -j12 all 
arm-none-eabi-size   lec12.elf 
   text	   data	    bss	    dec	    hex	filename
  25160	    484	   1732	  27376	   6af0	lec12.elf
Finished building: default.size.stdout
 
13:53:49 **** Incremental Build of configuration Debug for project lec_10 ****
make -j12 all 
arm-none-eabi-size   lec_10.elf 
   text	   data	    bss	    dec	    hex	filename
  11620	     20	   1700	  13340	   341c	lec_10.elf
Finished building: default.size.stdout
 
13:53:50 **** Incremental Build of configuration Debug for project lec_10_2 ****
make -j12 all 
arm-none-eabi-size   lec_10_2.elf 
   text	   data	    bss	    dec	    hex	filename
  14432	     20	   1772	  16224	   3f60	lec_10_2.elf
Finished building: default.size.stdout
 
13:53:51 **** Incremental Build of configuration Debug for project printf_5 ****
make -j12 all 
arm-none-eabi-size   printf_5.elf 
   text	   data	    bss	    dec	    hex	filename
  22256	    484	   1652	  24392	   5f48	printf_5.elf
Finished building: default.size.stdout
 
13:53:51 **** Incremental Build of configuration Debug for project scanf_5 ****
make -j12 all 
arm-none-eabi-size   scanf_5.elf 
   text	   data	    bss	    dec	    hex	filename
  34612	    484	   1660	  36756	   8f94	scanf_5.elf
Finished building: default.size.stdout
 
13:53:52 **** Incremental Build of configuration Debug for project testttttttttt ****
make -j12 all 
arm-none-eabi-size   testttttttttt.elf 
   text	   data	    bss	    dec	    hex	filename
   8260	     20	   1636	   9916	   26bc	testttttttttt.elf
Finished building: default.size.stdout
 
13:54:25 **** Incremental Build of configuration Debug for project ADC2_7 ****
make -j12 all 
arm-none-eabi-size   ADC2_7.elf 
   text	   data	    bss	    dec	    hex	filename
  11164	     20	   1708	  12892	   325c	ADC2_7.elf
Finished building: default.size.stdout
 
13:54:26 **** Incremental Build of configuration Debug for project ADC_7 ****
make -j12 all 
arm-none-eabi-size   ADC_7.elf 
   text	   data	    bss	    dec	    hex	filename
  12548	     20	   1716	  14284	   37cc	ADC_7.elf
Finished building: default.size.stdout
 
13:54:27 **** Incremental Build of configuration Debug for project ADC_timer_7 ****
make -j12 all 
arm-none-eabi-size   ADC_timer_7.elf 
   text	   data	    bss	    dec	    hex	filename
  13940	     20	   1772	  15732	   3d74	ADC_timer_7.elf
Finished building: default.size.stdout
 
13:54:27 **** Incremental Build of configuration Debug for project DMA_9 ****
make -j12 all 
arm-none-eabi-size   DMA_9.elf 
   text	   data	    bss	    dec	    hex	filename
  16944	    120	   1832	  18896	   49d0	DMA_9.elf
Finished building: default.size.stdout
 
13:54:28 **** Incremental Build of configuration Debug for project MoonsProject ****
make -j12 all 
arm-none-eabi-size   MoonsProject.elf 
   text	   data	    bss	    dec	    hex	filename
  10604	     20	   1700	  12324	   3024	MoonsProject.elf
Finished building: default.size.stdout
 
13:54:28 **** Incremental Build of configuration Debug for project New_Project ****
make -j12 all 
arm-none-eabi-gcc "../Core/Src/main.c" -mcpu=cortex-m4 -std=gnu11 -g3 -DUSE_HAL_DRIVER -DSTM32F401xE -DDEBUG -c -I../Drivers/CMSIS/Include -I../Drivers/STM32F4xx_HAL_Driver/Inc -I../Core/Inc -I../Drivers/CMSIS/Device/ST/STM32F4xx/Include -I../Drivers/STM32F4xx_HAL_Driver/Inc/Legacy -O0 -ffunction-sections -fdata-sections -Wall -fstack-usage -MMD -MP -MF"Core/Src/main.d" -MT"Core/Src/main.o" --specs=nano.specs -mfpu=fpv4-sp-d16 -mfloat-abi=hard -mthumb -o "Core/Src/main.o"
../Core/Src/main.c: In function 'HAL_TIM_PeriodElapsedCallback':
../Core/Src/main.c:297:3: warning: implicit declaration of function 'printf' [-Wimplicit-function-declaration]
   printf("%d\t\n", sec);
   ^~~~~~
../Core/Src/main.c:297:3: warning: incompatible implicit declaration of built-in function 'printf'
../Core/Src/main.c:297:3: note: include '<stdio.h>' or provide a declaration of 'printf'
arm-none-eabi-gcc -o "New_Project.elf" @"objects.list"   -mcpu=cortex-m4 -T"C:\Users\moon\STM32CubeIDE\workspace_1.3.0\New_Project\STM32F401RETX_FLASH.ld" --specs=nosys.specs -Wl,-Map="New_Project.map" -Wl,--gc-sections -static --specs=nano.specs -mfpu=fpv4-sp-d16 -mfloat-abi=hard -mthumb -Wl,--start-group -lc -lm -Wl,--end-group
Finished building target: New_Project.elf
 
arm-none-eabi-objdump -h -S  New_Project.elf  > "New_Project.list"
arm-none-eabi-objcopy  -O binary  New_Project.elf  "New_Project.bin"
arm-none-eabi-size   New_Project.elf 
   text	   data	    bss	    dec	    hex	filename
  15436	    120	   1720	  17276	   437c	New_Project.elf
Finished building: default.size.stdout
 
Finished building: New_Project.bin
 
Finished building: New_Project.list
 
13:54:29 **** Incremental Build of configuration Debug for project PWM_6 ****
make -j12 all 
arm-none-eabi-size   PWM_6.elf 
   text	   data	    bss	    dec	    hex	filename
  11780	     20	   1828	  13628	   353c	PWM_6.elf
Finished building: default.size.stdout
 
13:54:30 **** Incremental Build of configuration Debug for project TIMER_TWO ****
make -j12 all 
arm-none-eabi-size   TIMER_TWO.elf 
   text	   data	    bss	    dec	    hex	filename
  11392	     20	   1700	  13112	   3338	TIMER_TWO.elf
Finished building: default.size.stdout
 
13:54:31 **** Incremental Build of configuration Debug for project UART_RECEIVE ****
make -j12 all 
arm-none-eabi-size   UART_RECEIVE.elf 
   text	   data	    bss	    dec	    hex	filename
   8952	     20	   1636	  10608	   2970	UART_RECEIVE.elf
Finished building: default.size.stdout
 
13:54:31 **** Incremental Build of configuration Debug for project UART_RECEIVE_NUM ****
make -j12 all 
arm-none-eabi-size   UART_RECEIVE_NUM.elf 
   text	   data	    bss	    dec	    hex	filename
  10184	     20	   1636	  11840	   2e40	UART_RECEIVE_NUM.elf
Finished building: default.size.stdout
 
13:54:32 **** Incremental Build of configuration Debug for project UART_test ****
make -j12 all 
arm-none-eabi-size   UART_test.elf 
   text	   data	    bss	    dec	    hex	filename
   8680	     20	   1636	  10336	   2860	UART_test.elf
Finished building: default.size.stdout
 
13:54:32 **** Incremental Build of configuration Debug for project lec11 ****
make -j12 all 
arm-none-eabi-size   lec11.elf 
   text	   data	    bss	    dec	    hex	filename
  10976	     20	   1700	  12696	   3198	lec11.elf
Finished building: default.size.stdout
 
13:54:33 **** Incremental Build of configuration Debug for project lec11_mymy ****
make -j12 all 
arm-none-eabi-size   lec11_mymy.elf 
   text	   data	    bss	    dec	    hex	filename
  10772	     20	   1700	  12492	   30cc	lec11_mymy.elf
Finished building: default.size.stdout
 
13:54:33 **** Incremental Build of configuration Debug for project lec12 ****
make -j12 all 
arm-none-eabi-size   lec12.elf 
   text	   data	    bss	    dec	    hex	filename
  25160	    484	   1732	  27376	   6af0	lec12.elf
Finished building: default.size.stdout
 
13:54:34 **** Incremental Build of configuration Debug for project lec_10 ****
make -j12 all 
arm-none-eabi-size   lec_10.elf 
   text	   data	    bss	    dec	    hex	filename
  11620	     20	   1700	  13340	   341c	lec_10.elf
Finished building: default.size.stdout
 
13:54:34 **** Incremental Build of configuration Debug for project lec_10_2 ****
make -j12 all 
arm-none-eabi-size   lec_10_2.elf 
   text	   data	    bss	    dec	    hex	filename
  14432	     20	   1772	  16224	   3f60	lec_10_2.elf
Finished building: default.size.stdout
 
13:54:35 **** Incremental Build of configuration Debug for project printf_5 ****
make -j12 all 
arm-none-eabi-size   printf_5.elf 
   text	   data	    bss	    dec	    hex	filename
  22256	    484	   1652	  24392	   5f48	printf_5.elf
Finished building: default.size.stdout
 
13:54:36 **** Incremental Build of configuration Debug for project scanf_5 ****
make -j12 all 
arm-none-eabi-size   scanf_5.elf 
   text	   data	    bss	    dec	    hex	filename
  34612	    484	   1660	  36756	   8f94	scanf_5.elf
Finished building: default.size.stdout
 
13:54:36 **** Incremental Build of configuration Debug for project testttttttttt ****
make -j12 all 
arm-none-eabi-size   testttttttttt.elf 
   text	   data	    bss	    dec	    hex	filename
   8260	     20	   1636	   9916	   26bc	testttttttttt.elf
Finished building: default.size.stdout
 
13:55:00 **** Incremental Build of configuration Debug for project New_Project ****
make -j12 all 
arm-none-eabi-gcc "../Core/Src/main.c" -mcpu=cortex-m4 -std=gnu11 -g3 -DUSE_HAL_DRIVER -DSTM32F401xE -DDEBUG -c -I../Drivers/CMSIS/Include -I../Drivers/STM32F4xx_HAL_Driver/Inc -I../Core/Inc -I../Drivers/CMSIS/Device/ST/STM32F4xx/Include -I../Drivers/STM32F4xx_HAL_Driver/Inc/Legacy -O0 -ffunction-sections -fdata-sections -Wall -fstack-usage -MMD -MP -MF"Core/Src/main.d" -MT"Core/Src/main.o" --specs=nano.specs -mfpu=fpv4-sp-d16 -mfloat-abi=hard -mthumb -o "Core/Src/main.o"
../Core/Src/main.c: In function 'HAL_TIM_PeriodElapsedCallback':
../Core/Src/main.c:297:3: warning: implicit declaration of function 'printf' [-Wimplicit-function-declaration]
   printf("%d\t\n", sec);
   ^~~~~~
../Core/Src/main.c:297:3: warning: incompatible implicit declaration of built-in function 'printf'
../Core/Src/main.c:297:3: note: include '<stdio.h>' or provide a declaration of 'printf'
../Core/Src/main.c: At top level:
../Core/Src/main.c:299:6: error: redefinition of '__io_putchar'
 }int __io_putchar(int ch){
      ^~~~~~~~~~~~
../Core/Src/main.c:290:5: note: previous definition of '__io_putchar' was here
 int __io_putchar(int ch){
     ^~~~~~~~~~~~
make: *** [Core/Src/subdir.mk:33: Core/Src/main.o] Error 1
"make -j12 all" terminated with exit code 2. Build might be incomplete.
13:55:15 **** Incremental Build of configuration Debug for project ADC2_7 ****
make -j12 all 
arm-none-eabi-size   ADC2_7.elf 
   text	   data	    bss	    dec	    hex	filename
  11164	     20	   1708	  12892	   325c	ADC2_7.elf
Finished building: default.size.stdout
 
13:55:15 **** Incremental Build of configuration Debug for project ADC_7 ****
make -j12 all 
arm-none-eabi-size   ADC_7.elf 
   text	   data	    bss	    dec	    hex	filename
  12548	     20	   1716	  14284	   37cc	ADC_7.elf
Finished building: default.size.stdout
 
13:55:16 **** Incremental Build of configuration Debug for project ADC_timer_7 ****
make -j12 all 
arm-none-eabi-size   ADC_timer_7.elf 
   text	   data	    bss	    dec	    hex	filename
  13940	     20	   1772	  15732	   3d74	ADC_timer_7.elf
Finished building: default.size.stdout
 
13:55:17 **** Incremental Build of configuration Debug for project DMA_9 ****
make -j12 all 
arm-none-eabi-size   DMA_9.elf 
   text	   data	    bss	    dec	    hex	filename
  16944	    120	   1832	  18896	   49d0	DMA_9.elf
Finished building: default.size.stdout
 
13:55:17 **** Incremental Build of configuration Debug for project MoonsProject ****
make -j12 all 
arm-none-eabi-size   MoonsProject.elf 
   text	   data	    bss	    dec	    hex	filename
  10604	     20	   1700	  12324	   3024	MoonsProject.elf
Finished building: default.size.stdout
 
13:55:18 **** Incremental Build of configuration Debug for project New_Project ****
make -j12 all 
arm-none-eabi-gcc "../Core/Src/main.c" -mcpu=cortex-m4 -std=gnu11 -g3 -DUSE_HAL_DRIVER -DSTM32F401xE -DDEBUG -c -I../Drivers/CMSIS/Include -I../Drivers/STM32F4xx_HAL_Driver/Inc -I../Core/Inc -I../Drivers/CMSIS/Device/ST/STM32F4xx/Include -I../Drivers/STM32F4xx_HAL_Driver/Inc/Legacy -O0 -ffunction-sections -fdata-sections -Wall -fstack-usage -MMD -MP -MF"Core/Src/main.d" -MT"Core/Src/main.o" --specs=nano.specs -mfpu=fpv4-sp-d16 -mfloat-abi=hard -mthumb -o "Core/Src/main.o"
../Core/Src/main.c: In function 'HAL_TIM_PeriodElapsedCallback':
../Core/Src/main.c:297:3: warning: implicit declaration of function 'printf' [-Wimplicit-function-declaration]
   printf("%d\t\n", sec);
   ^~~~~~
../Core/Src/main.c:297:3: warning: incompatible implicit declaration of built-in function 'printf'
../Core/Src/main.c:297:3: note: include '<stdio.h>' or provide a declaration of 'printf'
arm-none-eabi-gcc -o "New_Project.elf" @"objects.list"   -mcpu=cortex-m4 -T"C:\Users\moon\STM32CubeIDE\workspace_1.3.0\New_Project\STM32F401RETX_FLASH.ld" --specs=nosys.specs -Wl,-Map="New_Project.map" -Wl,--gc-sections -static --specs=nano.specs -mfpu=fpv4-sp-d16 -mfloat-abi=hard -mthumb -Wl,--start-group -lc -lm -Wl,--end-group
Finished building target: New_Project.elf
 
arm-none-eabi-objdump -h -S  New_Project.elf  > "New_Project.list"
arm-none-eabi-objcopy  -O binary  New_Project.elf  "New_Project.bin"
arm-none-eabi-size   New_Project.elf 
   text	   data	    bss	    dec	    hex	filename
  15436	    120	   1720	  17276	   437c	New_Project.elf
Finished building: default.size.stdout
 
Finished building: New_Project.bin
 
Finished building: New_Project.list
 
13:55:19 **** Incremental Build of configuration Debug for project PWM_6 ****
make -j12 all 
arm-none-eabi-size   PWM_6.elf 
   text	   data	    bss	    dec	    hex	filename
  11780	     20	   1828	  13628	   353c	PWM_6.elf
Finished building: default.size.stdout
 
13:55:19 **** Incremental Build of configuration Debug for project TIMER_TWO ****
make -j12 all 
arm-none-eabi-size   TIMER_TWO.elf 
   text	   data	    bss	    dec	    hex	filename
  11392	     20	   1700	  13112	   3338	TIMER_TWO.elf
Finished building: default.size.stdout
 
13:55:20 **** Incremental Build of configuration Debug for project UART_RECEIVE ****
make -j12 all 
arm-none-eabi-size   UART_RECEIVE.elf 
   text	   data	    bss	    dec	    hex	filename
   8952	     20	   1636	  10608	   2970	UART_RECEIVE.elf
Finished building: default.size.stdout
 
13:55:20 **** Incremental Build of configuration Debug for project UART_RECEIVE_NUM ****
make -j12 all 
arm-none-eabi-size   UART_RECEIVE_NUM.elf 
   text	   data	    bss	    dec	    hex	filename
  10184	     20	   1636	  11840	   2e40	UART_RECEIVE_NUM.elf
Finished building: default.size.stdout
 
13:55:21 **** Incremental Build of configuration Debug for project UART_test ****
make -j12 all 
arm-none-eabi-size   UART_test.elf 
   text	   data	    bss	    dec	    hex	filename
   8680	     20	   1636	  10336	   2860	UART_test.elf
Finished building: default.size.stdout
 
13:55:21 **** Incremental Build of configuration Debug for project lec11 ****
make -j12 all 
arm-none-eabi-size   lec11.elf 
   text	   data	    bss	    dec	    hex	filename
  10976	     20	   1700	  12696	   3198	lec11.elf
Finished building: default.size.stdout
 
13:55:22 **** Incremental Build of configuration Debug for project lec11_mymy ****
make -j12 all 
arm-none-eabi-size   lec11_mymy.elf 
   text	   data	    bss	    dec	    hex	filename
  10772	     20	   1700	  12492	   30cc	lec11_mymy.elf
Finished building: default.size.stdout
 
13:55:23 **** Incremental Build of configuration Debug for project lec12 ****
make -j12 all 
arm-none-eabi-size   lec12.elf 
   text	   data	    bss	    dec	    hex	filename
  25160	    484	   1732	  27376	   6af0	lec12.elf
Finished building: default.size.stdout
 
13:55:23 **** Incremental Build of configuration Debug for project lec_10 ****
make -j12 all 
arm-none-eabi-size   lec_10.elf 
   text	   data	    bss	    dec	    hex	filename
  11620	     20	   1700	  13340	   341c	lec_10.elf
Finished building: default.size.stdout
 
13:55:24 **** Incremental Build of configuration Debug for project lec_10_2 ****
make -j12 all 
arm-none-eabi-size   lec_10_2.elf 
   text	   data	    bss	    dec	    hex	filename
  14432	     20	   1772	  16224	   3f60	lec_10_2.elf
Finished building: default.size.stdout
 
13:55:24 **** Incremental Build of configuration Debug for project printf_5 ****
make -j12 all 
arm-none-eabi-size   printf_5.elf 
   text	   data	    bss	    dec	    hex	filename
  22256	    484	   1652	  24392	   5f48	printf_5.elf
Finished building: default.size.stdout
 
13:55:25 **** Incremental Build of configuration Debug for project scanf_5 ****
make -j12 all 
arm-none-eabi-size   scanf_5.elf 
   text	   data	    bss	    dec	    hex	filename
  34612	    484	   1660	  36756	   8f94	scanf_5.elf
Finished building: default.size.stdout
 
13:55:25 **** Incremental Build of configuration Debug for project testttttttttt ****
make -j12 all 
arm-none-eabi-size   testttttttttt.elf 
   text	   data	    bss	    dec	    hex	filename
   8260	     20	   1636	   9916	   26bc	testttttttttt.elf
Finished building: default.size.stdout
 
13:55:29 **** Incremental Build of configuration Debug for project New_Project ****
make -j12 all 
arm-none-eabi-size   New_Project.elf 
   text	   data	    bss	    dec	    hex	filename
  15436	    120	   1720	  17276	   437c	New_Project.elf
Finished building: default.size.stdout
 
13:56:51 **** Incremental Build of configuration Debug for project ADC2_7 ****
make -j12 all 
arm-none-eabi-size   ADC2_7.elf 
   text	   data	    bss	    dec	    hex	filename
  11164	     20	   1708	  12892	   325c	ADC2_7.elf
Finished building: default.size.stdout
 
13:56:52 **** Incremental Build of configuration Debug for project ADC_7 ****
make -j12 all 
arm-none-eabi-size   ADC_7.elf 
   text	   data	    bss	    dec	    hex	filename
  12548	     20	   1716	  14284	   37cc	ADC_7.elf
Finished building: default.size.stdout
 
13:56:52 **** Incremental Build of configuration Debug for project ADC_timer_7 ****
make -j12 all 
arm-none-eabi-size   ADC_timer_7.elf 
   text	   data	    bss	    dec	    hex	filename
  13940	     20	   1772	  15732	   3d74	ADC_timer_7.elf
Finished building: default.size.stdout
 
13:56:53 **** Incremental Build of configuration Debug for project DMA_9 ****
make -j12 all 
arm-none-eabi-size   DMA_9.elf 
   text	   data	    bss	    dec	    hex	filename
  16944	    120	   1832	  18896	   49d0	DMA_9.elf
Finished building: default.size.stdout
 
13:56:53 **** Incremental Build of configuration Debug for project MoonsProject ****
make -j12 all 
arm-none-eabi-size   MoonsProject.elf 
   text	   data	    bss	    dec	    hex	filename
  10604	     20	   1700	  12324	   3024	MoonsProject.elf
Finished building: default.size.stdout
 
13:56:54 **** Incremental Build of configuration Debug for project New_Project ****
make -j12 all 
arm-none-eabi-gcc "../Core/Src/main.c" -mcpu=cortex-m4 -std=gnu11 -g3 -DUSE_HAL_DRIVER -DSTM32F401xE -DDEBUG -c -I../Drivers/CMSIS/Include -I../Drivers/STM32F4xx_HAL_Driver/Inc -I../Core/Inc -I../Drivers/CMSIS/Device/ST/STM32F4xx/Include -I../Drivers/STM32F4xx_HAL_Driver/Inc/Legacy -O0 -ffunction-sections -fdata-sections -Wall -fstack-usage -MMD -MP -MF"Core/Src/main.d" -MT"Core/Src/main.o" --specs=nano.specs -mfpu=fpv4-sp-d16 -mfloat-abi=hard -mthumb -o "Core/Src/main.o"
../Core/Src/main.c: In function 'main':
../Core/Src/main.c:102:3: warning: implicit declaration of function 'printf' [-Wimplicit-function-declaration]
   printf("test\t\n");
   ^~~~~~
../Core/Src/main.c:102:3: warning: incompatible implicit declaration of built-in function 'printf'
../Core/Src/main.c:102:3: note: include '<stdio.h>' or provide a declaration of 'printf'
../Core/Src/main.c: In function 'HAL_TIM_PeriodElapsedCallback':
../Core/Src/main.c:298:3: warning: incompatible implicit declaration of built-in function 'printf'
   printf("%d\t\n", sec);
   ^~~~~~
../Core/Src/main.c:298:3: note: include '<stdio.h>' or provide a declaration of 'printf'
arm-none-eabi-gcc -o "New_Project.elf" @"objects.list"   -mcpu=cortex-m4 -T"C:\Users\moon\STM32CubeIDE\workspace_1.3.0\New_Project\STM32F401RETX_FLASH.ld" --specs=nosys.specs -Wl,-Map="New_Project.map" -Wl,--gc-sections -static --specs=nano.specs -mfpu=fpv4-sp-d16 -mfloat-abi=hard -mthumb -Wl,--start-group -lc -lm -Wl,--end-group
Finished building target: New_Project.elf
 
arm-none-eabi-objdump -h -S  New_Project.elf  > "New_Project.list"
arm-none-eabi-objcopy  -O binary  New_Project.elf  "New_Project.bin"
arm-none-eabi-size   New_Project.elf 
   text	   data	    bss	    dec	    hex	filename
  15656	    120	   1720	  17496	   4458	New_Project.elf
Finished building: default.size.stdout
 
Finished building: New_Project.bin
 
Finished building: New_Project.list
 
13:56:55 **** Incremental Build of configuration Debug for project PWM_6 ****
make -j12 all 
arm-none-eabi-size   PWM_6.elf 
   text	   data	    bss	    dec	    hex	filename
  11780	     20	   1828	  13628	   353c	PWM_6.elf
Finished building: default.size.stdout
 
13:56:55 **** Incremental Build of configuration Debug for project TIMER_TWO ****
make -j12 all 
arm-none-eabi-size   TIMER_TWO.elf 
   text	   data	    bss	    dec	    hex	filename
  11392	     20	   1700	  13112	   3338	TIMER_TWO.elf
Finished building: default.size.stdout
 
13:56:56 **** Incremental Build of configuration Debug for project UART_RECEIVE ****
make -j12 all 
arm-none-eabi-size   UART_RECEIVE.elf 
   text	   data	    bss	    dec	    hex	filename
   8952	     20	   1636	  10608	   2970	UART_RECEIVE.elf
Finished building: default.size.stdout
 
13:56:57 **** Incremental Build of configuration Debug for project UART_RECEIVE_NUM ****
make -j12 all 
arm-none-eabi-size   UART_RECEIVE_NUM.elf 
   text	   data	    bss	    dec	    hex	filename
  10184	     20	   1636	  11840	   2e40	UART_RECEIVE_NUM.elf
Finished building: default.size.stdout
 
13:56:57 **** Incremental Build of configuration Debug for project UART_test ****
make -j12 all 
arm-none-eabi-size   UART_test.elf 
   text	   data	    bss	    dec	    hex	filename
   8680	     20	   1636	  10336	   2860	UART_test.elf
Finished building: default.size.stdout
 
13:56:58 **** Incremental Build of configuration Debug for project lec11 ****
make -j12 all 
arm-none-eabi-size   lec11.elf 
   text	   data	    bss	    dec	    hex	filename
  10976	     20	   1700	  12696	   3198	lec11.elf
Finished building: default.size.stdout
 
13:56:58 **** Incremental Build of configuration Debug for project lec11_mymy ****
make -j12 all 
arm-none-eabi-size   lec11_mymy.elf 
   text	   data	    bss	    dec	    hex	filename
  10772	     20	   1700	  12492	   30cc	lec11_mymy.elf
Finished building: default.size.stdout
 
13:56:59 **** Incremental Build of configuration Debug for project lec12 ****
make -j12 all 
arm-none-eabi-size   lec12.elf 
   text	   data	    bss	    dec	    hex	filename
[...]
make -j12 all 
arm-none-eabi-size   DMA_9.elf 
   text	   data	    bss	    dec	    hex	filename
  16944	    120	   1832	  18896	   49d0	DMA_9.elf
Finished building: default.size.stdout
 
00:25:19 **** Incremental Build of configuration Debug for project MoonsProject ****
make -j12 all 
arm-none-eabi-size   MoonsProject.elf 
   text	   data	    bss	    dec	    hex	filename
  10640	     20	   1700	  12360	   3048	MoonsProject.elf
Finished building: default.size.stdout
 
00:25:20 **** Incremental Build of configuration Debug for project New_Project ****
make -j12 all 
arm-none-eabi-size   New_Project.elf 
   text	   data	    bss	    dec	    hex	filename
  16584	    124	   1716	  18424	   47f8	New_Project.elf
Finished building: default.size.stdout
 
00:25:20 **** Incremental Build of configuration Debug for project PWM_6 ****
make -j12 all 
arm-none-eabi-size   PWM_6.elf 
   text	   data	    bss	    dec	    hex	filename
  11780	     20	   1828	  13628	   353c	PWM_6.elf
Finished building: default.size.stdout
 
00:25:21 **** Incremental Build of configuration Debug for project TIMER_TWO ****
make -j12 all 
arm-none-eabi-size   TIMER_TWO.elf 
   text	   data	    bss	    dec	    hex	filename
  11392	     20	   1700	  13112	   3338	TIMER_TWO.elf
Finished building: default.size.stdout
 
00:25:22 **** Incremental Build of configuration Debug for project UART_RECEIVE ****
make -j12 all 
arm-none-eabi-size   UART_RECEIVE.elf 
   text	   data	    bss	    dec	    hex	filename
   8952	     20	   1636	  10608	   2970	UART_RECEIVE.elf
Finished building: default.size.stdout
 
00:25:22 **** Incremental Build of configuration Debug for project UART_RECEIVE_NUM ****
make -j12 all 
arm-none-eabi-size   UART_RECEIVE_NUM.elf 
   text	   data	    bss	    dec	    hex	filename
  10184	     20	   1636	  11840	   2e40	UART_RECEIVE_NUM.elf
Finished building: default.size.stdout
 
00:25:23 **** Incremental Build of configuration Debug for project UART_test ****
make -j12 all 
arm-none-eabi-size   UART_test.elf 
   text	   data	    bss	    dec	    hex	filename
   8680	     20	   1636	  10336	   2860	UART_test.elf
Finished building: default.size.stdout
 
00:25:23 **** Incremental Build of configuration Debug for project lec11 ****
make -j12 all 
arm-none-eabi-size   lec11.elf 
   text	   data	    bss	    dec	    hex	filename
  10976	     20	   1700	  12696	   3198	lec11.elf
Finished building: default.size.stdout
 
00:25:24 **** Incremental Build of configuration Debug for project lec11_mymy ****
make -j12 all 
arm-none-eabi-size   lec11_mymy.elf 
   text	   data	    bss	    dec	    hex	filename
  10772	     20	   1700	  12492	   30cc	lec11_mymy.elf
Finished building: default.size.stdout
 
00:25:24 **** Incremental Build of configuration Debug for project lec12 ****
make -j12 all 
arm-none-eabi-size   lec12.elf 
   text	   data	    bss	    dec	    hex	filename
  25160	    484	   1732	  27376	   6af0	lec12.elf
Finished building: default.size.stdout
 
00:25:25 **** Incremental Build of configuration Debug for project lec7 ****
make -j12 all 
arm-none-eabi-size   lec7.elf 
   text	   data	    bss	    dec	    hex	filename
   8084	     20	   1636	   9740	   260c	lec7.elf
Finished building: default.size.stdout
 
00:25:25 **** Incremental Build of configuration Debug for project lec9 ****
make -j12 all 
arm-none-eabi-gcc "../Core/Src/main.c" -mcpu=cortex-m4 -std=gnu11 -g3 -DUSE_HAL_DRIVER -DSTM32F401xE -DDEBUG -c -I../Drivers/CMSIS/Include -I../Drivers/STM32F4xx_HAL_Driver/Inc -I../Core/Inc -I../Drivers/CMSIS/Device/ST/STM32F4xx/Include -I../Drivers/STM32F4xx_HAL_Driver/Inc/Legacy -O0 -ffunction-sections -fdata-sections -Wall -fstack-usage -MMD -MP -MF"Core/Src/main.d" -MT"Core/Src/main.o" --specs=nano.specs -mfpu=fpv4-sp-d16 -mfloat-abi=hard -mthumb -o "Core/Src/main.o"
../Core/Src/main.c: In function 'main':
../Core/Src/main.c:102:21: error: 'hadc' undeclared (first use in this function); did you mean 'hadc1'?
   HAL_ADC_Start_IT(&hadc);
                     ^~~~
                     hadc1
../Core/Src/main.c:102:21: note: each undeclared identifier is reported only once for each function it appears in
make: *** [Core/Src/subdir.mk:33: Core/Src/main.o] Error 1
"make -j12 all" terminated with exit code 2. Build might be incomplete.
00:25:26 **** Incremental Build of configuration Debug for project lec_10 ****
make -j12 all 
arm-none-eabi-size   lec_10.elf 
   text	   data	    bss	    dec	    hex	filename
  11620	     20	   1700	  13340	   341c	lec_10.elf
Finished building: default.size.stdout
 
00:25:27 **** Incremental Build of configuration Debug for project lec_10_2 ****
make -j12 all 
arm-none-eabi-size   lec_10_2.elf 
   text	   data	    bss	    dec	    hex	filename
  14432	     20	   1772	  16224	   3f60	lec_10_2.elf
Finished building: default.size.stdout
 
00:25:27 **** Incremental Build of configuration Debug for project lec_13 ****
make -j12 all 
arm-none-eabi-size   lec_13.elf 
   text	   data	    bss	    dec	    hex	filename
   9220	     20	   1804	  11044	   2b24	lec_13.elf
Finished building: default.size.stdout
 
00:25:28 **** Incremental Build of configuration Debug for project printf_5 ****
make -j12 all 
arm-none-eabi-size   printf_5.elf 
   text	   data	    bss	    dec	    hex	filename
  22256	    484	   1652	  24392	   5f48	printf_5.elf
Finished building: default.size.stdout
 
00:25:28 **** Incremental Build of configuration Debug for project scanf_5 ****
make -j12 all 
arm-none-eabi-size   scanf_5.elf 
   text	   data	    bss	    dec	    hex	filename
  34612	    484	   1660	  36756	   8f94	scanf_5.elf
Finished building: default.size.stdout
 
00:25:29 **** Incremental Build of configuration Debug for project testttttttttt ****
make -j12 all 
arm-none-eabi-size   testttttttttt.elf 
   text	   data	    bss	    dec	    hex	filename
   8260	     20	   1636	   9916	   26bc	testttttttttt.elf
Finished building: default.size.stdout
 
00:25:42 **** Incremental Build of configuration Debug for project ADC2_7 ****
make -j12 all 
arm-none-eabi-size   ADC2_7.elf 
   text	   data	    bss	    dec	    hex	filename
  11164	     20	   1708	  12892	   325c	ADC2_7.elf
Finished building: default.size.stdout
 
00:25:42 **** Incremental Build of configuration Debug for project ADC_7 ****
make -j12 all 
arm-none-eabi-size   ADC_7.elf 
   text	   data	    bss	    dec	    hex	filename
  12548	     20	   1716	  14284	   37cc	ADC_7.elf
Finished building: default.size.stdout
 
00:25:43 **** Incremental Build of configuration Debug for project ADC_timer_7 ****
make -j12 all 
arm-none-eabi-size   ADC_timer_7.elf 
   text	   data	    bss	    dec	    hex	filename
  13940	     20	   1772	  15732	   3d74	ADC_timer_7.elf
Finished building: default.size.stdout
 
00:25:43 **** Incremental Build of configuration Debug for project DMA_9 ****
make -j12 all 
arm-none-eabi-size   DMA_9.elf 
   text	   data	    bss	    dec	    hex	filename
  16944	    120	   1832	  18896	   49d0	DMA_9.elf
Finished building: default.size.stdout
 
00:25:44 **** Incremental Build of configuration Debug for project MoonsProject ****
make -j12 all 
arm-none-eabi-size   MoonsProject.elf 
   text	   data	    bss	    dec	    hex	filename
  10640	     20	   1700	  12360	   3048	MoonsProject.elf
Finished building: default.size.stdout
 
00:25:44 **** Incremental Build of configuration Debug for project New_Project ****
make -j12 all 
arm-none-eabi-size   New_Project.elf 
   text	   data	    bss	    dec	    hex	filename
  16584	    124	   1716	  18424	   47f8	New_Project.elf
Finished building: default.size.stdout
 
00:25:45 **** Incremental Build of configuration Debug for project PWM_6 ****
make -j12 all 
arm-none-eabi-size   PWM_6.elf 
   text	   data	    bss	    dec	    hex	filename
  11780	     20	   1828	  13628	   353c	PWM_6.elf
Finished building: default.size.stdout
 
00:25:46 **** Incremental Build of configuration Debug for project TIMER_TWO ****
make -j12 all 
arm-none-eabi-size   TIMER_TWO.elf 
   text	   data	    bss	    dec	    hex	filename
  11392	     20	   1700	  13112	   3338	TIMER_TWO.elf
Finished building: default.size.stdout
 
00:25:46 **** Incremental Build of configuration Debug for project UART_RECEIVE ****
make -j12 all 
arm-none-eabi-size   UART_RECEIVE.elf 
   text	   data	    bss	    dec	    hex	filename
   8952	     20	   1636	  10608	   2970	UART_RECEIVE.elf
Finished building: default.size.stdout
 
00:25:47 **** Incremental Build of configuration Debug for project UART_RECEIVE_NUM ****
make -j12 all 
arm-none-eabi-size   UART_RECEIVE_NUM.elf 
   text	   data	    bss	    dec	    hex	filename
  10184	     20	   1636	  11840	   2e40	UART_RECEIVE_NUM.elf
Finished building: default.size.stdout
 
00:25:47 **** Incremental Build of configuration Debug for project UART_test ****
make -j12 all 
arm-none-eabi-size   UART_test.elf 
   text	   data	    bss	    dec	    hex	filename
   8680	     20	   1636	  10336	   2860	UART_test.elf
Finished building: default.size.stdout
 
00:25:48 **** Incremental Build of configuration Debug for project lec11 ****
make -j12 all 
arm-none-eabi-size   lec11.elf 
   text	   data	    bss	    dec	    hex	filename
  10976	     20	   1700	  12696	   3198	lec11.elf
Finished building: default.size.stdout
 
00:25:48 **** Incremental Build of configuration Debug for project lec11_mymy ****
make -j12 all 
arm-none-eabi-size   lec11_mymy.elf 
   text	   data	    bss	    dec	    hex	filename
  10772	     20	   1700	  12492	   30cc	lec11_mymy.elf
Finished building: default.size.stdout
 
00:25:49 **** Incremental Build of configuration Debug for project lec12 ****
make -j12 all 
arm-none-eabi-size   lec12.elf 
   text	   data	    bss	    dec	    hex	filename
  25160	    484	   1732	  27376	   6af0	lec12.elf
Finished building: default.size.stdout
 
00:25:49 **** Incremental Build of configuration Debug for project lec7 ****
make -j12 all 
arm-none-eabi-size   lec7.elf 
   text	   data	    bss	    dec	    hex	filename
   8084	     20	   1636	   9740	   260c	lec7.elf
Finished building: default.size.stdout
 
00:25:50 **** Incremental Build of configuration Debug for project lec9 ****
make -j12 all 
arm-none-eabi-gcc "../Core/Src/main.c" -mcpu=cortex-m4 -std=gnu11 -g3 -DUSE_HAL_DRIVER -DSTM32F401xE -DDEBUG -c -I../Drivers/CMSIS/Include -I../Drivers/STM32F4xx_HAL_Driver/Inc -I../Core/Inc -I../Drivers/CMSIS/Device/ST/STM32F4xx/Include -I../Drivers/STM32F4xx_HAL_Driver/Inc/Legacy -O0 -ffunction-sections -fdata-sections -Wall -fstack-usage -MMD -MP -MF"Core/Src/main.d" -MT"Core/Src/main.o" --specs=nano.specs -mfpu=fpv4-sp-d16 -mfloat-abi=hard -mthumb -o "Core/Src/main.o"
arm-none-eabi-gcc -o "lec9.elf" @"objects.list"   -mcpu=cortex-m4 -T"C:\Users\moon\STM32CubeIDE\workspace_1.3.0\lec9\STM32F401RETX_FLASH.ld" --specs=nosys.specs -Wl,-Map="lec9.map" -Wl,--gc-sections -static --specs=nano.specs -mfpu=fpv4-sp-d16 -mfloat-abi=hard -mthumb -Wl,--start-group -lc -lm -Wl,--end-group
Finished building target: lec9.elf
 
arm-none-eabi-objdump -h -S  lec9.elf  > "lec9.list"
arm-none-eabi-objcopy  -O binary  lec9.elf  "lec9.bin"
arm-none-eabi-size   lec9.elf 
   text	   data	    bss	    dec	    hex	filename
  14364	     20	   1772	  16156	   3f1c	lec9.elf
Finished building: default.size.stdout
 
Finished building: lec9.bin
 
Finished building: lec9.list
 
00:25:51 **** Incremental Build of configuration Debug for project lec_10 ****
make -j12 all 
arm-none-eabi-size   lec_10.elf 
   text	   data	    bss	    dec	    hex	filename
  11620	     20	   1700	  13340	   341c	lec_10.elf
Finished building: default.size.stdout
 
00:25:52 **** Incremental Build of configuration Debug for project lec_10_2 ****
make -j12 all 
arm-none-eabi-size   lec_10_2.elf 
   text	   data	    bss	    dec	    hex	filename
  14432	     20	   1772	  16224	   3f60	lec_10_2.elf
Finished building: default.size.stdout
 
00:25:52 **** Incremental Build of configuration Debug for project lec_13 ****
make -j12 all 
arm-none-eabi-size   lec_13.elf 
   text	   data	    bss	    dec	    hex	filename
   9220	     20	   1804	  11044	   2b24	lec_13.elf
Finished building: default.size.stdout
 
00:25:53 **** Incremental Build of configuration Debug for project printf_5 ****
make -j12 all 
arm-none-eabi-size   printf_5.elf 
   text	   data	    bss	    dec	    hex	filename
  22256	    484	   1652	  24392	   5f48	printf_5.elf
Finished building: default.size.stdout
 
00:25:53 **** Incremental Build of configuration Debug for project scanf_5 ****
make -j12 all 
arm-none-eabi-size   scanf_5.elf 
   text	   data	    bss	    dec	    hex	filename
  34612	    484	   1660	  36756	   8f94	scanf_5.elf
Finished building: default.size.stdout
 
00:25:54 **** Incremental Build of configuration Debug for project testttttttttt ****
make -j12 all 
arm-none-eabi-size   testttttttttt.elf 
   text	   data	    bss	    dec	    hex	filename
   8260	     20	   1636	   9916	   26bc	testttttttttt.elf
Finished building: default.size.stdout
 
00:26:01 **** Incremental Build of configuration Debug for project ADC2_7 ****
make -j12 all 
arm-none-eabi-size   ADC2_7.elf 
   text	   data	    bss	    dec	    hex	filename
  11164	     20	   1708	  12892	   325c	ADC2_7.elf
Finished building: default.size.stdout
 
00:26:01 **** Incremental Build of configuration Debug for project ADC_7 ****
make -j12 all 
arm-none-eabi-size   ADC_7.elf 
   text	   data	    bss	    dec	    hex	filename
  12548	     20	   1716	  14284	   37cc	ADC_7.elf
Finished building: default.size.stdout
 
00:26:02 **** Incremental Build of configuration Debug for project ADC_timer_7 ****
make -j12 all 
arm-none-eabi-size   ADC_timer_7.elf 
   text	   data	    bss	    dec	    hex	filename
  13940	     20	   1772	  15732	   3d74	ADC_timer_7.elf
Finished building: default.size.stdout
 
00:26:02 **** Incremental Build of configuration Debug for project DMA_9 ****
make -j12 all 
arm-none-eabi-size   DMA_9.elf 
   text	   data	    bss	    dec	    hex	filename
  16944	    120	   1832	  18896	   49d0	DMA_9.elf
Finished building: default.size.stdout
 
00:26:03 **** Incremental Build of configuration Debug for project MoonsProject ****
make -j12 all 
arm-none-eabi-size   MoonsProject.elf 
   text	   data	    bss	    dec	    hex	filename
  10640	     20	   1700	  12360	   3048	MoonsProject.elf
Finished building: default.size.stdout
 
00:26:04 **** Incremental Build of configuration Debug for project New_Project ****
make -j12 all 
arm-none-eabi-size   New_Project.elf 
   text	   data	    bss	    dec	    hex	filename
  16584	    124	   1716	  18424	   47f8	New_Project.elf
Finished building: default.size.stdout
 
00:26:04 **** Incremental Build of configuration Debug for project PWM_6 ****
make -j12 all 
arm-none-eabi-size   PWM_6.elf 
   text	   data	    bss	    dec	    hex	filename
  11780	     20	   1828	  13628	   353c	PWM_6.elf
Finished building: default.size.stdout
 
00:26:05 **** Incremental Build of configuration Debug for project TIMER_TWO ****
make -j12 all 
arm-none-eabi-size   TIMER_TWO.elf 
   text	   data	    bss	    dec	    hex	filename
  11392	     20	   1700	  13112	   3338	TIMER_TWO.elf
Finished building: default.size.stdout
 
00:26:05 **** Incremental Build of configuration Debug for project UART_RECEIVE ****
make -j12 all 
arm-none-eabi-size   UART_RECEIVE.elf 
   text	   data	    bss	    dec	    hex	filename
   8952	     20	   1636	  10608	   2970	UART_RECEIVE.elf
Finished building: default.size.stdout
 
00:26:06 **** Incremental Build of configuration Debug for project UART_RECEIVE_NUM ****
make -j12 all 
arm-none-eabi-size   UART_RECEIVE_NUM.elf 
   text	   data	    bss	    dec	    hex	filename
  10184	     20	   1636	  11840	   2e40	UART_RECEIVE_NUM.elf
Finished building: default.size.stdout
 
00:26:06 **** Incremental Build of configuration Debug for project UART_test ****
make -j12 all 
arm-none-eabi-size   UART_test.elf 
   text	   data	    bss	    dec	    hex	filename
   8680	     20	   1636	  10336	   2860	UART_test.elf
Finished building: default.size.stdout
 
00:26:07 **** Incremental Build of configuration Debug for project lec11 ****
make -j12 all 
arm-none-eabi-size   lec11.elf 
   text	   data	    bss	    dec	    hex	filename
  10976	     20	   1700	  12696	   3198	lec11.elf
Finished building: default.size.stdout
 
00:26:07 **** Incremental Build of configuration Debug for project lec11_mymy ****
make -j12 all 
arm-none-eabi-size   lec11_mymy.elf 
   text	   data	    bss	    dec	    hex	filename
  10772	     20	   1700	  12492	   30cc	lec11_mymy.elf
Finished building: default.size.stdout
 
00:26:08 **** Incremental Build of configuration Debug for project lec12 ****
make -j12 all 
arm-none-eabi-size   lec12.elf 
   text	   data	    bss	    dec	    hex	filename
  25160	    484	   1732	  27376	   6af0	lec12.elf
Finished building: default.size.stdout
 
00:26:08 **** Incremental Build of configuration Debug for project lec7 ****
make -j12 all 
arm-none-eabi-size   lec7.elf 
   text	   data	    bss	    dec	    hex	filename
   8084	     20	   1636	   9740	   260c	lec7.elf
Finished building: default.size.stdout
 
00:26:09 **** Incremental Build of configuration Debug for project lec9 ****
make -j12 all 
arm-none-eabi-gcc "../Core/Src/main.c" -mcpu=cortex-m4 -std=gnu11 -g3 -DUSE_HAL_DRIVER -DSTM32F401xE -DDEBUG -c -I../Drivers/CMSIS/Include -I../Drivers/STM32F4xx_HAL_Driver/Inc -I../Core/Inc -I../Drivers/CMSIS/Device/ST/STM32F4xx/Include -I../Drivers/STM32F4xx_HAL_Driver/Inc/Legacy -O0 -ffunction-sections -fdata-sections -Wall -fstack-usage -MMD -MP -MF"Core/Src/main.d" -MT"Core/Src/main.o" --specs=nano.specs -mfpu=fpv4-sp-d16 -mfloat-abi=hard -mthumb -o "Core/Src/main.o"
arm-none-eabi-gcc -o "lec9.elf" @"objects.list"   -mcpu=cortex-m4 -T"C:\Users\moon\STM32CubeIDE\workspace_1.3.0\lec9\STM32F401RETX_FLASH.ld" --specs=nosys.specs -Wl,-Map="lec9.map" -Wl,--gc-sections -static --specs=nano.specs -mfpu=fpv4-sp-d16 -mfloat-abi=hard -mthumb -Wl,--start-group -lc -lm -Wl,--end-group
Finished building target: lec9.elf
 
arm-none-eabi-objdump -h -S  lec9.elf  > "lec9.list"
arm-none-eabi-objcopy  -O binary  lec9.elf  "lec9.bin"
arm-none-eabi-size   lec9.elf 
   text	   data	    bss	    dec	    hex	filename
  14368	     20	   1780	  16168	   3f28	lec9.elf
Finished building: default.size.stdout
 
Finished building: lec9.bin
 
Finished building: lec9.list
 
00:26:10 **** Incremental Build of configuration Debug for project lec_10 ****
make -j12 all 
arm-none-eabi-size   lec_10.elf 
   text	   data	    bss	    dec	    hex	filename
  11620	     20	   1700	  13340	   341c	lec_10.elf
Finished building: default.size.stdout
 
00:26:11 **** Incremental Build of configuration Debug for project lec_10_2 ****
make -j12 all 
arm-none-eabi-size   lec_10_2.elf 
   text	   data	    bss	    dec	    hex	filename
  14432	     20	   1772	  16224	   3f60	lec_10_2.elf
Finished building: default.size.stdout
 
00:26:11 **** Incremental Build of configuration Debug for project lec_13 ****
make -j12 all 
arm-none-eabi-size   lec_13.elf 
   text	   data	    bss	    dec	    hex	filename
   9220	     20	   1804	  11044	   2b24	lec_13.elf
Finished building: default.size.stdout
 
00:26:12 **** Incremental Build of configuration Debug for project printf_5 ****
make -j12 all 
arm-none-eabi-size   printf_5.elf 
   text	   data	    bss	    dec	    hex	filename
  22256	    484	   1652	  24392	   5f48	printf_5.elf
Finished building: default.size.stdout
 
00:26:13 **** Incremental Build of configuration Debug for project scanf_5 ****
make -j12 all 
arm-none-eabi-size   scanf_5.elf 
   text	   data	    bss	    dec	    hex	filename
  34612	    484	   1660	  36756	   8f94	scanf_5.elf
Finished building: default.size.stdout
 
00:26:13 **** Incremental Build of configuration Debug for project testttttttttt ****
make -j12 all 
arm-none-eabi-size   testttttttttt.elf 
   text	   data	    bss	    dec	    hex	filename
   8260	     20	   1636	   9916	   26bc	testttttttttt.elf
Finished building: default.size.stdout
 
