00:26:09 **** Incremental Build of configuration Debug for project lec9 ****
make -j12 all 
arm-none-eabi-gcc "../Core/Src/main.c" -mcpu=cortex-m4 -std=gnu11 -g3 -DUSE_HAL_DRIVER -DSTM32F401xE -DDEBUG -c -I../Drivers/CMSIS/Include -I../Drivers/STM32F4xx_HAL_Driver/Inc -I../Core/Inc -I../Drivers/CMSIS/Device/ST/STM32F4xx/Include -I../Drivers/STM32F4xx_HAL_Driver/Inc/Legacy -O0 -ffunction-sections -fdata-sections -Wall -fstack-usage -MMD -MP -MF"Core/Src/main.d" -MT"Core/Src/main.o" --specs=nano.specs -mfpu=fpv4-sp-d16 -mfloat-abi=hard -mthumb -o "Core/Src/main.o"
arm-none-eabi-gcc -o "lec9.elf" @"objects.list"   -mcpu=cortex-m4 -T"C:\Users\moon\STM32CubeIDE\workspace_1.3.0\lec9\STM32F401RETX_FLASH.ld" --specs=nosys.specs -Wl,-Map="lec9.map" -Wl,--gc-sections -static --specs=nano.specs -mfpu=fpv4-sp-d16 -mfloat-abi=hard -mthumb -Wl,--start-group -lc -lm -Wl,--end-group
Finished building target: lec9.elf
 
arm-none-eabi-objdump -h -S  lec9.elf  > "lec9.list"
arm-none-eabi-objcopy  -O binary  lec9.elf  "lec9.bin"
arm-none-eabi-size   lec9.elf 
   text	   data	    bss	    dec	    hex	filename
  14368	     20	   1780	  16168	   3f28	lec9.elf
Finished building: default.size.stdout
 
Finished building: lec9.bin
 
Finished building: lec9.list
 

00:26:10 Build Finished. 0 errors, 0 warnings. (took 1s.58ms)

